Archive member included to satisfy reference by file (symbol)

d:/atmel/studio/7.0/toolchain/arm/arm-gnu-toolchain/bin/../lib/gcc/arm-none-eabi/6.2.1/thumb/v6-m\libgcc.a(_thumb1_case_uqi.o)
                              adc.o (__gnu_thumb1_case_uqi)
d:/atmel/studio/7.0/toolchain/arm/arm-gnu-toolchain/bin/../lib/gcc/arm-none-eabi/6.2.1/thumb/v6-m\libgcc.a(_thumb1_case_uhi.o)
                              sim.o (__gnu_thumb1_case_uhi)
d:/atmel/studio/7.0/toolchain/arm/arm-gnu-toolchain/bin/../lib/gcc/arm-none-eabi/6.2.1/thumb/v6-m\libgcc.a(_udivsi3.o)
                              oled/u8g2_selection_list.o (__aeabi_uidiv)
d:/atmel/studio/7.0/toolchain/arm/arm-gnu-toolchain/bin/../lib/gcc/arm-none-eabi/6.2.1/thumb/v6-m\libgcc.a(_divsi3.o)
                              oled.o (__aeabi_idiv)
d:/atmel/studio/7.0/toolchain/arm/arm-gnu-toolchain/bin/../lib/gcc/arm-none-eabi/6.2.1/thumb/v6-m\libgcc.a(_dvmd_tls.o)
                              d:/atmel/studio/7.0/toolchain/arm/arm-gnu-toolchain/bin/../lib/gcc/arm-none-eabi/6.2.1/thumb/v6-m\libgcc.a(_udivsi3.o) (__aeabi_idiv0)
d:/atmel/studio/7.0/toolchain/arm/arm-gnu-toolchain/bin/../lib/gcc/arm-none-eabi/6.2.1/thumb/v6-m\libgcc.a(muldf3.o)
                              tone.o (__aeabi_dmul)
d:/atmel/studio/7.0/toolchain/arm/arm-gnu-toolchain/bin/../lib/gcc/arm-none-eabi/6.2.1/thumb/v6-m\libgcc.a(fixdfsi.o)
                              tone.o (__aeabi_d2iz)
d:/atmel/studio/7.0/toolchain/arm/arm-gnu-toolchain/bin/../lib/gcc/arm-none-eabi/6.2.1/thumb/v6-m\libgcc.a(floatsidf.o)
                              tone.o (__aeabi_i2d)
d:/atmel/studio/7.0/toolchain/arm/arm-gnu-toolchain/bin/../lib/gcc/arm-none-eabi/6.2.1/thumb/v6-m\libgcc.a(_clzsi2.o)
                              d:/atmel/studio/7.0/toolchain/arm/arm-gnu-toolchain/bin/../lib/gcc/arm-none-eabi/6.2.1/thumb/v6-m\libgcc.a(muldf3.o) (__clzsi2)
d:/atmel/studio/7.0/toolchain/arm/arm-gnu-toolchain/bin/../lib/gcc/arm-none-eabi/6.2.1/../../../../arm-none-eabi/lib/thumb/v6-m\libc_nano.a(lib_a-atoi.o)
                              cmd.o (atoi)
d:/atmel/studio/7.0/toolchain/arm/arm-gnu-toolchain/bin/../lib/gcc/arm-none-eabi/6.2.1/../../../../arm-none-eabi/lib/thumb/v6-m\libc_nano.a(lib_a-atol.o)
                              cmd.o (atol)
d:/atmel/studio/7.0/toolchain/arm/arm-gnu-toolchain/bin/../lib/gcc/arm-none-eabi/6.2.1/../../../../arm-none-eabi/lib/thumb/v6-m\libc_nano.a(lib_a-exit.o)
                              d:/atmel/studio/7.0/toolchain/arm/arm-gnu-toolchain/bin/../lib/gcc/arm-none-eabi/6.2.1/../../../../arm-none-eabi/lib/thumb/v6-m/crt0.o (exit)
d:/atmel/studio/7.0/toolchain/arm/arm-gnu-toolchain/bin/../lib/gcc/arm-none-eabi/6.2.1/../../../../arm-none-eabi/lib/thumb/v6-m\libc_nano.a(lib_a-impure.o)
                              d:/atmel/studio/7.0/toolchain/arm/arm-gnu-toolchain/bin/../lib/gcc/arm-none-eabi/6.2.1/../../../../arm-none-eabi/lib/thumb/v6-m\libc_nano.a(lib_a-exit.o) (_global_impure_ptr)
d:/atmel/studio/7.0/toolchain/arm/arm-gnu-toolchain/bin/../lib/gcc/arm-none-eabi/6.2.1/../../../../arm-none-eabi/lib/thumb/v6-m\libc_nano.a(lib_a-init.o)
                              d:/atmel/studio/7.0/toolchain/arm/arm-gnu-toolchain/bin/../lib/gcc/arm-none-eabi/6.2.1/../../../../arm-none-eabi/lib/thumb/v6-m/crt0.o (__libc_init_array)
d:/atmel/studio/7.0/toolchain/arm/arm-gnu-toolchain/bin/../lib/gcc/arm-none-eabi/6.2.1/../../../../arm-none-eabi/lib/thumb/v6-m\libc_nano.a(lib_a-locale.o)
                              cmd.o (__locale_ctype_ptr)
d:/atmel/studio/7.0/toolchain/arm/arm-gnu-toolchain/bin/../lib/gcc/arm-none-eabi/6.2.1/../../../../arm-none-eabi/lib/thumb/v6-m\libc_nano.a(lib_a-mbtowc_r.o)
                              d:/atmel/studio/7.0/toolchain/arm/arm-gnu-toolchain/bin/../lib/gcc/arm-none-eabi/6.2.1/../../../../arm-none-eabi/lib/thumb/v6-m\libc_nano.a(lib_a-locale.o) (__ascii_mbtowc)
d:/atmel/studio/7.0/toolchain/arm/arm-gnu-toolchain/bin/../lib/gcc/arm-none-eabi/6.2.1/../../../../arm-none-eabi/lib/thumb/v6-m\libc_nano.a(lib_a-memcpy-stub.o)
                              flash.o (memcpy)
d:/atmel/studio/7.0/toolchain/arm/arm-gnu-toolchain/bin/../lib/gcc/arm-none-eabi/6.2.1/../../../../arm-none-eabi/lib/thumb/v6-m\libc_nano.a(lib_a-memset.o)
                              d:/atmel/studio/7.0/toolchain/arm/arm-gnu-toolchain/bin/../lib/gcc/arm-none-eabi/6.2.1/../../../../arm-none-eabi/lib/thumb/v6-m/crt0.o (memset)
d:/atmel/studio/7.0/toolchain/arm/arm-gnu-toolchain/bin/../lib/gcc/arm-none-eabi/6.2.1/../../../../arm-none-eabi/lib/thumb/v6-m\libc_nano.a(lib_a-putchar.o)
                              oled/u8x8_d_stdio.o (putchar)
d:/atmel/studio/7.0/toolchain/arm/arm-gnu-toolchain/bin/../lib/gcc/arm-none-eabi/6.2.1/../../../../arm-none-eabi/lib/thumb/v6-m\libc_nano.a(lib_a-sprintf.o)
                              bt.o (sprintf)
[...]
Memory Configuration

Name             Origin             Length             Attributes
rom              0x00000000         0x00010000         xr
ram              0x20000000         0x00002000         xrw
*default*        0x00000000         0xffffffff

Linker script and memory map

LOAD d:/atmel/studio/7.0/toolchain/arm/arm-gnu-toolchain/bin/../lib/gcc/arm-none-eabi/6.2.1/thumb/v6-m/crti.o
LOAD d:/atmel/studio/7.0/toolchain/arm/arm-gnu-toolchain/bin/../lib/gcc/arm-none-eabi/6.2.1/thumb/v6-m/crtbegin.o
LOAD d:/atmel/studio/7.0/toolchain/arm/arm-gnu-toolchain/bin/../lib/gcc/arm-none-eabi/6.2.1/../../../../arm-none-eabi/lib/thumb/v6-m/crt0.o
LOAD adc.o
LOAD bt.o
LOAD cmd.o
LOAD code.o
LOAD Device_Startup/startup_samd20.o
LOAD Device_Startup/system_samd20.o
LOAD flash.o
LOAD ir_receiver.o
LOAD main.o
LOAD mod.o
LOAD oled.o
LOAD oled/u8g2_bitmap.o
LOAD oled/u8g2_box.o
LOAD oled/u8g2_buffer.o
LOAD oled/u8g2_circle.o
LOAD oled/u8g2_cleardisplay.o
LOAD oled/u8g2_d_memory.o
LOAD oled/u8g2_d_setup.o
LOAD oled/u8g2_font.o
LOAD oled/u8g2_fonts.o
LOAD oled/u8g2_hvline.o
LOAD oled/u8g2_input_value.o
LOAD oled/u8g2_intersection.o
LOAD oled/u8g2_kerning.o
LOAD oled/u8g2_line.o
LOAD oled/u8g2_ll_hvline.o
LOAD oled/u8g2_message.o
LOAD oled/u8g2_selection_list.o
LOAD oled/u8g2_setup.o
LOAD oled/u8x8_8x8.o
LOAD oled/u8x8_byte.o
LOAD oled/u8x8_cad.o
LOAD oled/u8x8_debounce.o
LOAD oled/u8x8_display.o
LOAD oled/u8x8_d_ssd1306_128x64_noname.o
LOAD oled/u8x8_d_stdio.o
LOAD oled/u8x8_gpio.o
LOAD oled/u8x8_input_value.o
LOAD oled/u8x8_message.o
LOAD oled/u8x8_selection_list.o
LOAD oled/u8x8_setup.o
LOAD oled/u8x8_string.o
LOAD oled/u8x8_u16toa.o
LOAD oled/u8x8_u8toa.o
LOAD rtc.o
LOAD scc.o
LOAD sim.o
LOAD tasks.o
LOAD tone.o
LOAD i2c.o
LOAD uart.o
LOAD utils.o
LOAD wdt.o
START GROUP
END GROUP
START GROUP
LOAD d:/atmel/studio/7.0/toolchain/arm/arm-gnu-toolchain/bin/../lib/gcc/arm-none-eabi/6.2.1/thumb/v6-m\libgcc.a
LOAD d:/atmel/studio/7.0/toolchain/arm/arm-gnu-toolchain/bin/../lib/gcc/arm-none-eabi/6.2.1/../../../../arm-none-eabi/lib/thumb/v6-m\libc_nano.a
END GROUP
START GROUP
LOAD d:/atmel/studio/7.0/toolchain/arm/arm-gnu-toolchain/bin/../lib/gcc/arm-none-eabi/6.2.1/thumb/v6-m\libgcc.a
LOAD d:/atmel/studio/7.0/toolchain/arm/arm-gnu-toolchain/bin/../lib/gcc/arm-none-eabi/6.2.1/../../../../arm-none-eabi/lib/thumb/v6-m\libc_nano.a
END GROUP
LOAD d:/atmel/studio/7.0/toolchain/arm/arm-gnu-toolchain/bin/../lib/gcc/arm-none-eabi/6.2.1/thumb/v6-m/crtend.o
LOAD d:/atmel/studio/7.0/toolchain/arm/arm-gnu-toolchain/bin/../lib/gcc/arm-none-eabi/6.2.1/thumb/v6-m/crtn.o
                0x00000800                STACK_SIZE = DEFINED (STACK_SIZE)?STACK_SIZE:DEFINED (__stack_size__)?__stack_size__:0x800

.text           0x00000000     0xbd10
                0x00000000                . = ALIGN (0x4)
                0x00000000                _sfixed = .
 *(.vectors .vectors.*)
 .vectors       0x00000000       0xa4 Device_Startup/startup_samd20.o
                0x00000000                exception_table
 *(.text .text.* .gnu.linkonce.t.*)
 .text          0x000000a4       0x60 d:/atmel/studio/7.0/toolchain/arm/arm-gnu-toolchain/bin/../lib/gcc/arm-none-eabi/6.2.1/thumb/v6-m/crtbegin.o
 .text.bt_read_bluetooth_status
                0x00000104       0x74 bt.o
                0x00000104                bt_read_bluetooth_status
 .text.bt_bluetooth_power_on
                0x00000178       0x60 bt.o
                0x00000178                bt_bluetooth_power_on
 .text.bt_bluetooth_power_off
                0x000001d8       0x58 bt.o
                0x000001d8                bt_bluetooth_power_off
 .text.bt_set_bluetooth
                0x00000230       0xb8 bt.o
                0x00000230                bt_set_bluetooth
 .text.bt_start_bluetooth
                0x000002e8       0x5c bt.o
                0x000002e8                bt_start_bluetooth
 .text.bt_bluetooth_connect
                0x00000344       0x4c bt.o
                0x00000344                bt_bluetooth_connect
 .text.bt_bluetooth_read
                0x00000390      0x110 bt.o
                0x00000390                bt_bluetooth_read
 .text.bt_bluetooth_write
                0x000004a0       0x9c bt.o
                0x000004a0                bt_bluetooth_write
 .text.bt_stop_bluetooth
                0x0000053c       0x70 bt.o
                0x0000053c                bt_stop_bluetooth
 .text.cmd_sms  0x000005ac      0x25c cmd.o
                0x000005ac                cmd_sms
 .text.cmd_task_add
                0x00000808       0x90 cmd.o
                0x00000808                cmd_task_add
 .text.cmd_task_done
                0x00000898       0x34 cmd.o
                0x00000898                cmd_task_done
 .text.cmd_tasks
                0x000008cc       0x7c cmd.o
                0x000008cc                cmd_tasks
 .text.cmd_init
                0x00000948       0x18 cmd.o
                0x00000948                cmd_init
 .text.read_print_rtc
                0x00000960      0x124 code.o
                0x00000960                read_print_rtc
 .text.code_init
                0x00000a84       0xd4 code.o
                0x00000a84                code_init
 .text.generate_newalarm
                0x00000b58       0x64 code.o
                0x00000b58                generate_newalarm
 .text.code_alarm_triggered
                0x00000bbc       0x28 code.o
                0x00000bbc                code_alarm_triggered
 .text.code_daily_flash
                0x00000be4       0x20 code.o
                0x00000be4                code_daily_flash
 .text.code_run_update
                0x00000c04       0x14 code.o
                0x00000c04                code_run_update
 .text.get_myid
                0x00000c18       0x10 code.o
                0x00000c18                get_myid
 .text.print_myid
                0x00000c28       0x20 code.o
                0x00000c28                print_myid
 .text.code_demo
                0x00000c48      0x144 code.o
                0x00000c48                code_demo
 .text.code_real
                0x00000d8c      0x204 code.o
                0x00000d8c                code_real
 .text.Dummy_Handler
                0x00000f90        0x2 Device_Startup/startup_samd20.o
                0x00000f90                HardFault_Handler
                0x00000f90                AC_Handler
                0x00000f90                SysTick_Handler
                0x00000f90                PendSV_Handler
                0x00000f90                NMI_Handler
                0x00000f90                ADC_Handler
                0x00000f90                TC4_Handler
                0x00000f90                Dummy_Handler
                0x00000f90                PM_Handler
                0x00000f90                SVC_Handler
                0x00000f90                EVSYS_Handler
                0x00000f90                NVMCTRL_Handler
                0x00000f90                DAC_Handler
                0x00000f90                PTC_Handler
                0x00000f90                TC0_Handler
                0x00000f90                TC5_Handler
 *fill*         0x00000f92        0x2 
 .text.Reset_Handler
                0x00000f94       0x70 Device_Startup/startup_samd20.o
                0x00000f94                Reset_Handler
 .text.flash_read_eeprom_time
                0x00001004       0x14 flash.o
                0x00001004                flash_read_eeprom_time
 .text.flash_read_eeprom_shs
                0x00001018       0x18 flash.o
                0x00001018                flash_read_eeprom_shs
 .text.flash_read_eeprom_sim
                0x00001030       0x18 flash.o
                0x00001030                flash_read_eeprom_sim
 .text.flash_config
                0x00001048       0x58 flash.o
                0x00001048                flash_config
 .text.flash_erase
                0x000010a0       0x1c flash.o
                0x000010a0                flash_erase
 .text.flash_erase_sized
                0x000010bc       0x34 flash.o
                0x000010bc                flash_erase_sized
 .text.flash_write
                0x000010f0       0xa4 flash.o
                0x000010f0                flash_write
 .text.flash_write_eeprom_time
                0x00001194       0x34 flash.o
                0x00001194                flash_write_eeprom_time
 .text.flash_write_eeprom_shs
                0x000011c8       0x34 flash.o
                0x000011c8                flash_write_eeprom_shs
 .text.flash_write_eeprom_sim
                0x000011fc       0x34 flash.o
                0x000011fc                flash_write_eeprom_sim
 .text.flash_read
                0x00001230       0x1c flash.o
                0x00001230                flash_read
 .text.flash_init
                0x0000124c       0x1c flash.o
                0x0000124c                flash_init
 .text.irrecv_get_irparams_rcvstate
                0x00001268        0xc ir_receiver.o
                0x00001268                irrecv_get_irparams_rcvstate
 .text.irrecv_reset
                0x00001274       0x14 ir_receiver.o
                0x00001274                irrecv_reset
 .text.decodeNEC
                0x00001288       0xa8 ir_receiver.o
                0x00001288                decodeNEC
 .text.irrecv_decode
                0x00001330       0x3c ir_receiver.o
                0x00001330                irrecv_decode
 .text.irrecv_convert
                0x0000136c      0x264 ir_receiver.o
                0x0000136c                irrecv_convert
 .text.TC1_Handler
                0x000015d0       0xd0 ir_receiver.o
                0x000015d0                TC1_Handler
 .text.irrecv_init
                0x000016a0       0x84 ir_receiver.o
                0x000016a0                irrecv_init
 .text.SYSCTRL_Handler
                0x00001724       0x20 main.o
                0x00001724                SYSCTRL_Handler
 .text.print_prompt
                0x00001744       0x14 main.o
                0x00001744                print_prompt
 .text.addchar  0x00001758       0x78 main.o
                0x00001758                addchar
 .text.unused_init
                0x000017d0       0xb0 main.o
                0x000017d0                unused_init
 .text.show_intro_text
                0x00001880       0x98 main.o
                0x00001880                show_intro_text
 .text.all_init
                0x00001918       0xc0 main.o
                0x00001918                all_init
 .text.check_bod
                0x000019d8       0x68 main.o
                0x000019d8                check_bod
 .text.startup.main
                0x00001a40      0x394 main.o
                0x00001a40                main
 .text._sbrk    0x00001dd4        0x2 main.o
                0x00001dd4                _sbrk
 *fill*         0x00001dd6        0x2 
 .text.u8g2_gpio_and_delay_samd20
                0x00001dd8       0x30 oled.o
                0x00001dd8                u8g2_gpio_and_delay_samd20
 .text.u8x8_byte_hw_i2c
                0x00001e08       0xf0 oled.o
                0x00001e08                u8x8_byte_hw_i2c
 .text.SERCOM3_Handler
                0x00001ef8       0xe4 oled.o
                0x00001ef8                SERCOM3_Handler
 .text.oled_init
                0x00001fdc      0x158 oled.o
                0x00001fdc                oled_init
 .text.oled_write_number_int
                0x00002134       0x18 oled.o
                0x00002134                oled_write_number_int
 .text.oled_update
                0x0000214c      0x314 oled.o
                0x0000214c                oled_update
 .text.u8g2_DrawHXBMP
                0x00002460       0x98 oled/u8g2_bitmap.o
                0x00002460                u8g2_DrawHXBMP
 .text.u8g2_DrawXBMP
                0x000024f8       0x64 oled/u8g2_bitmap.o
                0x000024f8                u8g2_DrawXBMP
 .text.u8g2_DrawXBM
                0x0000255c       0x18 oled/u8g2_bitmap.o
                0x0000255c                u8g2_DrawXBM
 .text.u8g2_DrawBox
                0x00002574       0x54 oled/u8g2_box.o
                0x00002574                u8g2_DrawBox
 .text.u8g2_DrawFrame
                0x000025c8       0x80 oled/u8g2_box.o
                0x000025c8                u8g2_DrawFrame
 .text.u8g2_send_buffer
                0x00002648       0x60 oled/u8g2_buffer.o
 .text.u8g2_ClearBuffer
                0x000026a8       0x20 oled/u8g2_buffer.o
                0x000026a8                u8g2_ClearBuffer
 .text.u8g2_SetBufferCurrTileRow
                0x000026c8       0x10 oled/u8g2_buffer.o
                0x000026c8                u8g2_SetBufferCurrTileRow
 .text.u8g2_FirstPage
                0x000026d8       0x24 oled/u8g2_buffer.o
                0x000026d8                u8g2_FirstPage
 .text.u8g2_NextPage
                0x000026fc       0x54 oled/u8g2_buffer.o
                0x000026fc                u8g2_NextPage
 .text.u8g2_draw_circle_section
                0x00002750       0xbc oled/u8g2_circle.o
 .text.u8g2_draw_disc_section
                0x0000280c       0xcc oled/u8g2_circle.o
 .text.u8g2_DrawCircle
                0x000028d8       0xa4 oled/u8g2_circle.o
                0x000028d8                u8g2_DrawCircle
 .text.u8g2_DrawDisc
                0x0000297c       0xa4 oled/u8g2_circle.o
                0x0000297c                u8g2_DrawDisc
 .text.u8g2_m_16_8_2
                0x00002a20        0xc oled/u8g2_d_memory.o
                0x00002a20                u8g2_m_16_8_2
 .text.u8g2_Setup_sh1106_i2c_128x64_noname_2
                0x00002a2c       0x44 oled/u8g2_d_setup.o
                0x00002a2c                u8g2_Setup_sh1106_i2c_128x64_noname_2
 .text.u8g2_font_get_word
                0x00002a70        0xe oled/u8g2_font.o
 .text.u8g2_add_vector_y
                0x00002a7e       0x22 oled/u8g2_font.o
 .text.u8g2_add_vector_x
                0x00002aa0       0x22 oled/u8g2_font.o
 .text.u8g2_font_calc_vref_font
                0x00002ac2        0x4 oled/u8g2_font.o
                0x00002ac2                u8g2_font_calc_vref_font
 *fill*         0x00002ac6        0x2 
 .text.u8g2_read_font_info
                0x00002ac8       0x6c oled/u8g2_font.o
                0x00002ac8                u8g2_read_font_info
 .text.u8g2_font_decode_get_unsigned_bits
                0x00002b34       0x36 oled/u8g2_font.o
                0x00002b34                u8g2_font_decode_get_unsigned_bits
 *fill*         0x00002b6a        0x2 
 .text.u8g2_font_setup_decode
                0x00002b6c       0x3c oled/u8g2_font.o
 .text.u8g2_font_decode_get_signed_bits
                0x00002ba8       0x1c oled/u8g2_font.o
                0x00002ba8                u8g2_font_decode_get_signed_bits
 .text.u8g2_font_decode_len
                0x00002bc4       0xc0 oled/u8g2_font.o
                0x00002bc4                u8g2_font_decode_len
 .text.u8g2_font_decode_glyph
                0x00002c84      0x174 oled/u8g2_font.o
                0x00002c84                u8g2_font_decode_glyph
 .text.u8g2_font_get_glyph_data
                0x00002df8       0x4c oled/u8g2_font.o
                0x00002df8                u8g2_font_get_glyph_data
 .text.u8g2_DrawGlyph
                0x00002e44       0x68 oled/u8g2_font.o
                0x00002e44                u8g2_DrawGlyph
 .text.u8g2_draw_string
                0x00002eac       0x7c oled/u8g2_font.o
 .text.u8g2_DrawStr
                0x00002f28       0x14 oled/u8g2_font.o
                0x00002f28                u8g2_DrawStr
 .text.u8g2_UpdateRefHeight
                0x00002f3c       0x62 oled/u8g2_font.o
                0x00002f3c                u8g2_UpdateRefHeight
 *fill*         0x00002f9e        0x2 
 .text.u8g2_SetFontPosBaseline
                0x00002fa0        0xc oled/u8g2_font.o
                0x00002fa0                u8g2_SetFontPosBaseline
 .text.u8g2_SetFont
                0x00002fac       0x24 oled/u8g2_font.o
                0x00002fac                u8g2_SetFont
 .text.u8g2_draw_hv_line_4dir
                0x00002fd0       0xbe oled/u8g2_hvline.o
                0x00002fd0                u8g2_draw_hv_line_4dir
 .text.u8g2_DrawHVLine
                0x0000308e       0x14 oled/u8g2_hvline.o
                0x0000308e                u8g2_DrawHVLine
 *fill*         0x000030a2        0x2 
 .text.u8g2_DrawVLine
                0x000030a4       0x3c oled/u8g2_hvline.o
                0x000030a4                u8g2_DrawVLine
 .text.u8g2_DrawPixel
                0x000030e0       0x38 oled/u8g2_hvline.o
                0x000030e0                u8g2_DrawPixel
 .text.u8g2_is_intersection_decision_tree
                0x00003118       0x1e oled/u8g2_intersection.o
                0x00003118                u8g2_is_intersection_decision_tree
 *fill*         0x00003136        0x2 
 .text.u8g2_IsIntersection
                0x00003138       0x34 oled/u8g2_intersection.o
                0x00003138                u8g2_IsIntersection
 .text.u8g2_DrawLine
                0x0000316c       0xf4 oled/u8g2_line.o
                0x0000316c                u8g2_DrawLine
 .text.u8g2_ll_hvline_vertical_top_lsb
                0x00003260       0x9e oled/u8g2_ll_hvline.o
                0x00003260                u8g2_ll_hvline_vertical_top_lsb
 .text.u8g2_update_dimension_common
                0x000032fe       0x64 oled/u8g2_setup.o
 *fill*         0x00003362        0x2 
 .text.u8g2_update_dimension_r0
                0x00003364       0x30 oled/u8g2_setup.o
                0x00003364                u8g2_update_dimension_r0
 .text.u8g2_update_dimension_r1
                0x00003394       0x38 oled/u8g2_setup.o
                0x00003394                u8g2_update_dimension_r1
 .text.u8g2_update_dimension_r2
                0x000033cc       0x3c oled/u8g2_setup.o
                0x000033cc                u8g2_update_dimension_r2
 .text.u8g2_update_dimension_r3
                0x00003408       0x44 oled/u8g2_setup.o
                0x00003408                u8g2_update_dimension_r3
 .text.u8g2_draw_l90_r0
                0x0000344c       0x14 oled/u8g2_setup.o
                0x0000344c                u8g2_draw_l90_r0
 .text.u8g2_draw_l90_mirrorr_r0
                0x00003460       0x28 oled/u8g2_setup.o
                0x00003460                u8g2_draw_l90_mirrorr_r0
 .text.u8g2_draw_l90_r1
                0x00003488       0x28 oled/u8g2_setup.o
                0x00003488                u8g2_draw_l90_r1
 .text.u8g2_draw_l90_r2
                0x000034b0       0x30 oled/u8g2_setup.o
                0x000034b0                u8g2_draw_l90_r2
 .text.u8g2_draw_l90_r3
                0x000034e0       0x28 oled/u8g2_setup.o
                0x000034e0                u8g2_draw_l90_r3
 .text.u8g2_SetupBuffer
                0x00003508       0x38 oled/u8g2_setup.o
                0x00003508                u8g2_SetupBuffer
 .text.u8x8_ascii_next
                0x00003540       0x14 oled/u8x8_8x8.o
                0x00003540                u8x8_ascii_next
 .text.u8x8_utf8_init
                0x00003554        0x8 oled/u8x8_8x8.o
                0x00003554                u8x8_utf8_init
 .text.u8x8_byte_SendBytes
                0x0000355c        0xe oled/u8x8_byte.o
                0x0000355c                u8x8_byte_SendBytes
 *fill*         0x0000356a        0x2 
 .text.u8x8_byte_SendByte
                0x0000356c       0x14 oled/u8x8_byte.o
                0x0000356c                u8x8_byte_SendByte
 .text.u8x8_byte_StartTransfer
                0x00003580        0xe oled/u8x8_byte.o
                0x00003580                u8x8_byte_StartTransfer
 .text.u8x8_byte_EndTransfer
                0x0000358e        0xe oled/u8x8_byte.o
                0x0000358e                u8x8_byte_EndTransfer
 .text.u8x8_i2c_data_transfer
                0x0000359c       0x34 oled/u8x8_cad.o
 .text.u8x8_cad_SendCmd
                0x000035d0        0xe oled/u8x8_cad.o
                0x000035d0                u8x8_cad_SendCmd
 .text.u8x8_cad_SendArg
                0x000035de        0xe oled/u8x8_cad.o
                0x000035de                u8x8_cad_SendArg
 .text.u8x8_cad_SendData
                0x000035ec        0xe oled/u8x8_cad.o
                0x000035ec                u8x8_cad_SendData
 .text.u8x8_cad_StartTransfer
                0x000035fa        0xe oled/u8x8_cad.o
                0x000035fa                u8x8_cad_StartTransfer
 .text.u8x8_cad_EndTransfer
                0x00003608        0xe oled/u8x8_cad.o
                0x00003608                u8x8_cad_EndTransfer
 *fill*         0x00003616        0x2 
 .text.u8x8_cad_SendSequence
                0x00003618       0x68 oled/u8x8_cad.o
                0x00003618                u8x8_cad_SendSequence
 .text.u8x8_cad_ssd13xx_i2c
                0x00003680       0x80 oled/u8x8_cad.o
                0x00003680                u8x8_cad_ssd13xx_i2c
 .text.u8x8_d_helper_display_setup_memory
                0x00003700        0x8 oled/u8x8_display.o
                0x00003700                u8x8_d_helper_display_setup_memory
 .text.u8x8_d_helper_display_init
                0x00003708       0x58 oled/u8x8_display.o
                0x00003708                u8x8_d_helper_display_init
 .text.u8x8_DrawTile
                0x00003760       0x1a oled/u8x8_display.o
                0x00003760                u8x8_DrawTile
 .text.u8x8_SetupMemory
                0x0000377a        0xe oled/u8x8_display.o
                0x0000377a                u8x8_SetupMemory
 .text.u8x8_InitDisplay
                0x00003788        0xe oled/u8x8_display.o
                0x00003788                u8x8_InitDisplay
 .text.u8x8_SetPowerSave
                0x00003796        0xe oled/u8x8_display.o
                0x00003796                u8x8_SetPowerSave
 .text.u8x8_RefreshDisplay
                0x000037a4        0xe oled/u8x8_display.o
                0x000037a4                u8x8_RefreshDisplay
 *fill*         0x000037b2        0x2 
 .text.u8x8_d_ssd1306_sh1106_generic
                0x000037b4       0xe4 oled/u8x8_d_ssd1306_128x64_noname.o
 .text.u8x8_d_sh1106_128x64_noname
                0x00003898       0x4c oled/u8x8_d_ssd1306_128x64_noname.o
                0x00003898                u8x8_d_sh1106_128x64_noname
 .text.u8x8_gpio_call
                0x000038e4        0xa oled/u8x8_gpio.o
                0x000038e4                u8x8_gpio_call
 .text.u8x8_dummy_cb
                0x000038ee        0x4 oled/u8x8_setup.o
                0x000038ee                u8x8_dummy_cb
 *fill*         0x000038f2        0x2 
 .text.u8x8_SetupDefaults
                0x000038f4       0x28 oled/u8x8_setup.o
                0x000038f4                u8x8_SetupDefaults
 .text.u8x8_Setup
                0x0000391c       0x28 oled/u8x8_setup.o
                0x0000391c                u8x8_Setup
 .text.RTC_Handler
                0x00003944       0x14 rtc.o
                0x00003944                RTC_Handler
 .text.getTimeNow
                0x00003958       0x3c rtc.o
                0x00003958                getTimeNow
 .text.getSeconds
                0x00003994       0x1c rtc.o
                0x00003994                getSeconds
 .text.getAlarmTimeNow
                0x000039b0       0x30 rtc.o
                0x000039b0                getAlarmTimeNow
 .text.get_days_in_month
                0x000039e0       0x30 rtc.o
                0x000039e0                get_days_in_month
 .text.get_days_in_year
                0x00003a10       0x10 rtc.o
                0x00003a10                get_days_in_year
 .text.Days_left
                0x00003a20      0x14c rtc.o
                0x00003a20                Days_left
 .text.Time_add
                0x00003b6c       0xac rtc.o
                0x00003b6c                Time_add
 .text.setSeconds
                0x00003c18       0x20 rtc.o
                0x00003c18                setSeconds
 .text.setMinutes
                0x00003c38       0x24 rtc.o
                0x00003c38                setMinutes
 .text.setHours
                0x00003c5c       0x24 rtc.o
                0x00003c5c                setHours
 .text.setTime  0x00003c80       0x28 rtc.o
                0x00003c80                setTime
 .text.setDay   0x00003ca8       0x24 rtc.o
                0x00003ca8                setDay
 .text.setMonth
                0x00003ccc       0x24 rtc.o
                0x00003ccc                setMonth
 .text.setYear  0x00003cf0       0x1c rtc.o
                0x00003cf0                setYear
 .text.setDate  0x00003d0c       0x24 rtc.o
                0x00003d0c                setDate
 .text.setAlarmSeconds
                0x00003d30       0x20 rtc.o
                0x00003d30                setAlarmSeconds
 .text.setAlarmMinutes
                0x00003d50       0x24 rtc.o
                0x00003d50                setAlarmMinutes
 .text.setAlarmHours
                0x00003d74       0x24 rtc.o
                0x00003d74                setAlarmHours
 .text.setAlarmTime
                0x00003d98       0x28 rtc.o
                0x00003d98                setAlarmTime
 .text.setAlarmDay
                0x00003dc0       0x24 rtc.o
                0x00003dc0                setAlarmDay
 .text.setAlarmMonth
                0x00003de4       0x24 rtc.o
                0x00003de4                setAlarmMonth
 .text.setAlarmYear
                0x00003e08       0x1c rtc.o
                0x00003e08                setAlarmYear
 .text.setAlarmDate
                0x00003e24       0x24 rtc.o
                0x00003e24                setAlarmDate
 .text.enableAlarm
                0x00003e48       0x20 rtc.o
                0x00003e48                enableAlarm
 .text.disableAlarm
                0x00003e68       0x18 rtc.o
                0x00003e68                disableAlarm
 .text.RTCdisable
                0x00003e80       0x18 rtc.o
                0x00003e80                RTCdisable
 .text.RTCenable
                0x00003e98       0x18 rtc.o
                0x00003e98                RTCenable
 .text.RTCreset
                0x00003eb0       0x18 rtc.o
                0x00003eb0                RTCreset
 .text.RTCresetRemove
                0x00003ec8       0x18 rtc.o
                0x00003ec8                RTCresetRemove
 .text.rtc_initialize
                0x00003ee0       0xbc rtc.o
                0x00003ee0                rtc_initialize
 .text.sysstate_to_str
                0x00003f9c       0x1c scc.o
                0x00003f9c                sysstate_to_str
 .text.scc_init
                0x00003fb8        0xc scc.o
                0x00003fb8                scc_init
 .text.scc_monitor
                0x00003fc4      0x310 scc.o
                0x00003fc4                scc_monitor
 .text.scc_probe
                0x000042d4       0xa0 scc.o
                0x000042d4                scc_probe
 .text.scc_send_cmd
                0x00004374       0xfc scc.o
                0x00004374                scc_send_cmd
 .text.scc_set_load
                0x00004470       0x28 scc.o
                0x00004470                scc_set_load
 .text.scc_cal_temp
                0x00004498       0x28 scc.o
                0x00004498                scc_cal_temp
 .text.scc_cal_batt
                0x000044c0       0x28 scc.o
                0x000044c0                scc_cal_batt
 .text.scc_set_ah_batt
                0x000044e8       0x28 scc.o
                0x000044e8                scc_set_ah_batt
 .text.scc_start_equalize
                0x00004510       0x24 scc.o
                0x00004510                scc_start_equalize
 .text.scc_read_battery
                0x00004534      0x19c scc.o
                0x00004534                scc_read_battery
 .text.scc_monitor_dump
                0x000046d0      0x400 scc.o
                0x000046d0                scc_monitor_dump
 .text.scc_read_batteries
                0x00004ad0       0x30 scc.o
                0x00004ad0                scc_read_batteries
 .text.scc_update_sysval
                0x00004b00      0x2f0 scc.o
                0x00004b00                scc_update_sysval
 .text.scc_tasks
                0x00004df0       0x5c scc.o
                0x00004df0                scc_tasks
 .text.HAL_GPIO_SIM_STATUS_PIN_read
                0x00004e4c       0x10 sim.o
 .text.Receive_SIM_Byte
                0x00004e5c       0x1c sim.o
                0x00004e5c                Receive_SIM_Byte
 .text.Poll_SIM
                0x00004e78       0x14 sim.o
                0x00004e78                Poll_SIM
 .text.SERCOM0_Handler
                0x00004e8c       0x24 sim.o
                0x00004e8c                SERCOM0_Handler
 .text.EIC_Handler
                0x00004eb0       0x48 sim.o
                0x00004eb0                EIC_Handler
 .text.sim_ri_init
                0x00004ef8       0xc8 sim.o
                0x00004ef8                sim_ri_init
 .text.sim_rxflush
                0x00004fc0       0x60 sim.o
                0x00004fc0                sim_rxflush
 .text.sim_read
                0x00005020       0xe0 sim.o
                0x00005020                sim_read
 .text.sim_read_multi
                0x00005100       0xd4 sim.o
                0x00005100                sim_read_multi
 .text.sim_tx_char
                0x000051d4       0x88 sim.o
                0x000051d4                sim_tx_char
 .text.sim_tx   0x0000525c       0x30 sim.o
                0x0000525c                sim_tx
 .text.phonenr_ok
                0x0000528c       0x34 sim.o
                0x0000528c                phonenr_ok
 .text.sim_send_sms
                0x000052c0      0x188 sim.o
                0x000052c0                sim_send_sms
 .text.sim_delete_sms
                0x00005448       0x3c sim.o
                0x00005448                sim_delete_sms
 .text.sim_receive_sms
                0x00005484      0x178 sim.o
                0x00005484                sim_receive_sms
 .text.sim_delete_all_sms
                0x000055fc       0x3c sim.o
                0x000055fc                sim_delete_all_sms
 .text.sim_read_IMEI
                0x00005638       0xb0 sim.o
                0x00005638                sim_read_IMEI
 .text.sim_read_signalstrength
                0x000056e8       0x7c sim.o
                0x000056e8                sim_read_signalstrength
 .text.sim_2g_state
                0x00005764       0x54 sim.o
                0x00005764                sim_2g_state
 .text.sim_start_2g
                0x000057b8      0x3c8 sim.o
                0x000057b8                sim_start_2g
 .text.sim_send_2g_msg
                0x00005b80      0x2e8 sim.o
                0x00005b80                sim_send_2g_msg
 .text.sim_wait
                0x00005e68       0x48 sim.o
                0x00005e68                sim_wait
 .text.sim_stop_2g
                0x00005eb0      0x100 sim.o
                0x00005eb0                sim_stop_2g
 .text.sim_read_CREG
                0x00005fb0       0x6c sim.o
                0x00005fb0                sim_read_CREG
 .text.sim_check_creg
                0x0000601c       0x80 sim.o
                0x0000601c                sim_check_creg
 .text.sim_set_flowcontrol
                0x0000609c       0x44 sim.o
                0x0000609c                sim_set_flowcontrol
 .text.sim_set_textmode
                0x000060e0       0x30 sim.o
                0x000060e0                sim_set_textmode
 .text.sim_pincode_check
                0x00006110       0x44 sim.o
                0x00006110                sim_pincode_check
 .text.sim_prepare_data_message
                0x00006154       0x6c sim.o
                0x00006154                sim_prepare_data_message
 .text.sim_addto_data_message
                0x000061c0       0x24 sim.o
                0x000061c0                sim_addto_data_message
 .text.sim_available
                0x000061e4       0x3c sim.o
                0x000061e4                sim_available
 .text.sim_power
                0x00006220      0x19c sim.o
                0x00006220                sim_power
 .text.sim_is_on
                0x000063bc       0x10 sim.o
                0x000063bc                sim_is_on
 .text.sim_task_add
                0x000063cc       0x60 sim.o
                0x000063cc                sim_task_add
 .text.sim_task_exist
                0x0000642c       0x3c sim.o
                0x0000642c                sim_task_exist
 .text.sim_task_done
                0x00006468       0x28 sim.o
                0x00006468                sim_task_done
 .text.sim_tasks
                0x00006490      0x1c4 sim.o
                0x00006490                sim_tasks
 .text.sim_eeprom_set_APN
                0x00006654       0x24 sim.o
                0x00006654                sim_eeprom_set_APN
 .text.sim_eeprom_set_USER
                0x00006678       0x24 sim.o
                0x00006678                sim_eeprom_set_USER
 .text.sim_eeprom_set_PWD
                0x0000669c       0x24 sim.o
                0x0000669c                sim_eeprom_set_PWD
 .text.sim_eeprom_set_HOST
                0x000066c0       0x24 sim.o
                0x000066c0                sim_eeprom_set_HOST
 .text.sim_init
                0x000066e4      0x1c0 sim.o
                0x000066e4                sim_init
 .text.sysstate2str
                0x000068a4       0x24 tasks.o
                0x000068a4                sysstate2str
 .text.solarstate2str
                0x000068c8       0x24 tasks.o
                0x000068c8                solarstate2str
 .text.loadstate2str
                0x000068ec       0x24 tasks.o
                0x000068ec                loadstate2str
 .text.daystate2str
                0x00006910       0x24 tasks.o
                0x00006910                daystate2str
 .text.task_set_load
                0x00006934        0xc tasks.o
                0x00006934                task_set_load
 .text.task_every_minute
                0x00006940       0x14 tasks.o
                0x00006940                task_every_minute
 .text.task_daily
                0x00006954       0x7c tasks.o
                0x00006954                task_daily
 .text.addto_data_message
                0x000069d0      0x21c tasks.o
                0x000069d0                addto_data_message
 .text.task_sms
                0x00006bec       0x90 tasks.o
                0x00006bec                task_sms
 .text.task_add
                0x00006c7c       0x90 tasks.o
                0x00006c7c                task_add
 .text.task_done
                0x00006d0c       0x34 tasks.o
                0x00006d0c                task_done
 .text.run_tasks
                0x00006d40      0x2c0 tasks.o
                0x00006d40                run_tasks
 .text.TC3_Handler
                0x00007000      0x180 tasks.o
                0x00007000                TC3_Handler
 .text.tasks_init
                0x00007180       0xe8 tasks.o
                0x00007180                tasks_init
 .text.tasks_eeprom_set_interval2G
                0x00007268       0x30 tasks.o
                0x00007268                tasks_eeprom_set_interval2G
 .text.resetTC2
                0x00007298       0x28 tone.o
                0x00007298                resetTC2
 .text.noTone   0x000072c0       0x24 tone.o
                0x000072c0                noTone
 .text.tone.part.0
                0x000072e4       0xf0 tone.o
 .text.tone     0x000073d4       0x10 tone.o
                0x000073d4                tone
 .text.play_nof_tones
                0x000073e4       0x38 tone.o
                0x000073e4                play_nof_tones
 .text.play_song_success
                0x0000741c       0x68 tone.o
                0x0000741c                play_song_success
 .text.play_song_expired
                0x00007484       0x68 tone.o
                0x00007484                play_song_expired
 .text.play_song_error
                0x000074ec       0x68 tone.o
                0x000074ec                play_song_error
 .text.play_toneC
                0x00007554       0x14 tone.o
                0x00007554                play_toneC
 .text.TC2_Handler
                0x00007568       0x68 tone.o
                0x00007568                TC2_Handler
 .text.timer2_init
                0x000075d0       0x34 tone.o
                0x000075d0                timer2_init
 .text.tone_init
                0x00007604       0x28 tone.o
                0x00007604                tone_init
 .text.i2c_init.part.0
                0x0000762c       0xd8 i2c.o
 .text.i2c_init
                0x00007704       0x90 i2c.o
                0x00007704                i2c_init
 .text.i2c_reset
                0x00007794       0xbc i2c.o
                0x00007794                i2c_reset
 .text.SERCOM2_Handler
                0x00007850       0xe4 i2c.o
                0x00007850                SERCOM2_Handler
 .text.i2c_transact
                0x00007934      0x11c i2c.o
                0x00007934                i2c_transact
 .text.SERCOM1_Handler
                0x00007a50       0x24 uart.o
                0x00007a50                SERCOM1_Handler
 .text.uart_init
                0x00007a74       0xd4 uart.o
                0x00007a74                uart_init
 .text.uart_putc
                0x00007b48       0x14 uart.o
                0x00007b48                uart_putc
 .text.uart_puts
                0x00007b5c       0x18 uart.o
                0x00007b5c                uart_puts
 .text.uart_puts_info
                0x00007b74       0x24 uart.o
                0x00007b74                uart_puts_info
 .text.uart_print
                0x00007b98       0x44 uart.o
                0x00007b98                uart_print
 .text.uart_get_print_info
                0x00007bdc        0xc uart.o
                0x00007bdc                uart_get_print_info
 .text.uart_set_print_info
                0x00007be8        0xc uart.o
                0x00007be8                uart_set_print_info
 .text.delay_us
                0x00007bf4        0xe utils.o
                0x00007bf4                delay_us
 *fill*         0x00007c02        0x2 
 .text.delay_ms
                0x00007c04       0x18 utils.o
                0x00007c04                delay_ms
 .text.is_digit
                0x00007c1c       0x1c utils.o
                0x00007c1c                is_digit
 .text.decrypt_digits
                0x00007c38       0x2c utils.o
                0x00007c38                decrypt_digits
 .text.decode_rcode
                0x00007c64       0xec utils.o
                0x00007c64                decode_rcode
 .text.wdt_reset
                0x00007d50       0x14 wdt.o
                0x00007d50                wdt_reset
 .text.wdt_enable
                0x00007d64      0x14c wdt.o
                0x00007d64                wdt_enable
 .text.wdt_disable
                0x00007eb0       0x18 wdt.o
                0x00007eb0                wdt_disable
 .text.WDT_Handler
                0x00007ec8       0x24 wdt.o
                0x00007ec8                WDT_Handler
 .text.wdt_sleep
                0x00007eec       0x24 wdt.o
                0x00007eec                wdt_sleep
 .text.wdt_init
                0x00007f10       0x50 wdt.o
                0x00007f10                wdt_init
 .text          0x00007f60       0x14 d:/atmel/studio/7.0/toolchain/arm/arm-gnu-toolchain/bin/../lib/gcc/arm-none-eabi/6.2.1/thumb/v6-m\libgcc.a(_thumb1_case_uqi.o)
                0x00007f60                __gnu_thumb1_case_uqi
 .text          0x00007f74       0x14 d:/atmel/studio/7.0/toolchain/arm/arm-gnu-toolchain/bin/../lib/gcc/arm-none-eabi/6.2.1/thumb/v6-m\libgcc.a(_thumb1_case_uhi.o)
                0x00007f74                __gnu_thumb1_case_uhi
 .text          0x00007f88      0x114 d:/atmel/studio/7.0/toolchain/arm/arm-gnu-toolchain/bin/../lib/gcc/arm-none-eabi/6.2.1/thumb/v6-m\libgcc.a(_udivsi3.o)
                0x00007f88                __aeabi_uidiv
                0x00007f88                __udivsi3
                0x00008094                __aeabi_uidivmod
 .text          0x0000809c      0x1d4 d:/atmel/studio/7.0/toolchain/arm/arm-gnu-toolchain/bin/../lib/gcc/arm-none-eabi/6.2.1/thumb/v6-m\libgcc.a(_divsi3.o)
                0x0000809c                __divsi3
                0x0000809c                __aeabi_idiv
                0x00008268                __aeabi_idivmod
 .text          0x00008270        0x4 d:/atmel/studio/7.0/toolchain/arm/arm-gnu-toolchain/bin/../lib/gcc/arm-none-eabi/6.2.1/thumb/v6-m\libgcc.a(_dvmd_tls.o)
                0x00008270                __aeabi_idiv0
                0x00008270                __aeabi_ldiv0
 .text          0x00008274      0x500 d:/atmel/studio/7.0/toolchain/arm/arm-gnu-toolchain/bin/../lib/gcc/arm-none-eabi/6.2.1/thumb/v6-m\libgcc.a(muldf3.o)
                0x00008274                __aeabi_dmul
 .text          0x00008774       0x68 d:/atmel/studio/7.0/toolchain/arm/arm-gnu-toolchain/bin/../lib/gcc/arm-none-eabi/6.2.1/thumb/v6-m\libgcc.a(fixdfsi.o)
                0x00008774                __aeabi_d2iz
 .text          0x000087dc       0x84 d:/atmel/studio/7.0/toolchain/arm/arm-gnu-toolchain/bin/../lib/gcc/arm-none-eabi/6.2.1/thumb/v6-m\libgcc.a(floatsidf.o)
                0x000087dc                __aeabi_i2d
 .text          0x00008860       0x3c d:/atmel/studio/7.0/toolchain/arm/arm-gnu-toolchain/bin/../lib/gcc/arm-none-eabi/6.2.1/thumb/v6-m\libgcc.a(_clzsi2.o)
                0x00008860                __clzsi2
 .text.atoi     0x0000889c        0xc d:/atmel/studio/7.0/toolchain/arm/arm-gnu-toolchain/bin/../lib/gcc/arm-none-eabi/6.2.1/../../../../arm-none-eabi/lib/thumb/v6-m\libc_nano.a(lib_a-atoi.o)
                0x0000889c                atoi
 .text.atol     0x000088a8        0xc d:/atmel/studio/7.0/toolchain/arm/arm-gnu-toolchain/bin/../lib/gcc/arm-none-eabi/6.2.1/../../../../arm-none-eabi/lib/thumb/v6-m\libc_nano.a(lib_a-atol.o)
                0x000088a8                atol
 .text.__libc_init_array
                0x000088b4       0x48 d:/atmel/studio/7.0/toolchain/arm/arm-gnu-toolchain/bin/../lib/gcc/arm-none-eabi/6.2.1/../../../../arm-none-eabi/lib/thumb/v6-m\libc_nano.a(lib_a-init.o)
                0x000088b4                __libc_init_array
 .text.__locale_ctype_ptr_l
                0x000088fc        0x6 d:/atmel/studio/7.0/toolchain/arm/arm-gnu-toolchain/bin/../lib/gcc/arm-none-eabi/6.2.1/../../../../arm-none-eabi/lib/thumb/v6-m\libc_nano.a(lib_a-locale.o)
                0x000088fc                __locale_ctype_ptr_l
 *fill*         0x00008902        0x2 
 .text.__locale_ctype_ptr
                0x00008904       0x1c d:/atmel/studio/7.0/toolchain/arm/arm-gnu-toolchain/bin/../lib/gcc/arm-none-eabi/6.2.1/../../../../arm-none-eabi/lib/thumb/v6-m\libc_nano.a(lib_a-locale.o)
                0x00008904                __locale_ctype_ptr
 .text.__ascii_mbtowc
                0x00008920       0x24 d:/atmel/studio/7.0/toolchain/arm/arm-gnu-toolchain/bin/../lib/gcc/arm-none-eabi/6.2.1/../../../../arm-none-eabi/lib/thumb/v6-m\libc_nano.a(lib_a-mbtowc_r.o)
                0x00008920                __ascii_mbtowc
 .text.memcpy   0x00008944       0x12 d:/atmel/studio/7.0/toolchain/arm/arm-gnu-toolchain/bin/../lib/gcc/arm-none-eabi/6.2.1/../../../../arm-none-eabi/lib/thumb/v6-m\libc_nano.a(lib_a-memcpy-stub.o)
                0x00008944                memcpy
 .text.memset   0x00008956       0x10 d:/atmel/studio/7.0/toolchain/arm/arm-gnu-toolchain/bin/../lib/gcc/arm-none-eabi/6.2.1/../../../../arm-none-eabi/lib/thumb/v6-m\libc_nano.a(lib_a-memset.o)
                0x00008956                memset
 *fill*         0x00008966        0x2 
 .text.sprintf  0x00008968       0x44 d:/atmel/studio/7.0/toolchain/arm/arm-gnu-toolchain/bin/../lib/gcc/arm-none-eabi/6.2.1/../../../../arm-none-eabi/lib/thumb/v6-m\libc_nano.a(lib_a-sprintf.o)
                0x00008968                siprintf
                0x00008968                sprintf
 .text.sscanf   0x000089ac       0x50 d:/atmel/studio/7.0/toolchain/arm/arm-gnu-toolchain/bin/../lib/gcc/arm-none-eabi/6.2.1/../../../../arm-none-eabi/lib/thumb/v6-m\libc_nano.a(lib_a-sscanf.o)
                0x000089ac                siscanf
                0x000089ac                sscanf
 .text.__seofread
                0x000089fc        0x4 d:/atmel/studio/7.0/toolchain/arm/arm-gnu-toolchain/bin/../lib/gcc/arm-none-eabi/6.2.1/../../../../arm-none-eabi/lib/thumb/v6-m\libc_nano.a(lib_a-stdio.o)
                0x000089fc                __seofread
 .text.strcat   0x00008a00       0x1a d:/atmel/studio/7.0/toolchain/arm/arm-gnu-toolchain/bin/../lib/gcc/arm-none-eabi/6.2.1/../../../../arm-none-eabi/lib/thumb/v6-m\libc_nano.a(lib_a-strcat.o)
                0x00008a00                strcat
 .text          0x00008a1a       0x14 d:/atmel/studio/7.0/toolchain/arm/arm-gnu-toolchain/bin/../lib/gcc/arm-none-eabi/6.2.1/../../../../arm-none-eabi/lib/thumb/v6-m\libc_nano.a(lib_a-strcmp.o)
                0x00008a1a                strcmp
 .text.strcpy   0x00008a2e       0x10 d:/atmel/studio/7.0/toolchain/arm/arm-gnu-toolchain/bin/../lib/gcc/arm-none-eabi/6.2.1/../../../../arm-none-eabi/lib/thumb/v6-m\libc_nano.a(lib_a-strcpy.o)
                0x00008a2e                strcpy
 .text          0x00008a3e        0xe d:/atmel/studio/7.0/toolchain/arm/arm-gnu-toolchain/bin/../lib/gcc/arm-none-eabi/6.2.1/../../../../arm-none-eabi/lib/thumb/v6-m\libc_nano.a(lib_a-strlen.o)
                0x00008a3e                strlen
 .text.strncasecmp
                0x00008a4c       0x48 d:/atmel/studio/7.0/toolchain/arm/arm-gnu-toolchain/bin/../lib/gcc/arm-none-eabi/6.2.1/../../../../arm-none-eabi/lib/thumb/v6-m\libc_nano.a(lib_a-strncasecmp.o)
                0x00008a4c                strncasecmp
 .text.strncmp  0x00008a94       0x22 d:/atmel/studio/7.0/toolchain/arm/arm-gnu-toolchain/bin/../lib/gcc/arm-none-eabi/6.2.1/../../../../arm-none-eabi/lib/thumb/v6-m\libc_nano.a(lib_a-strncmp.o)
                0x00008a94                strncmp
 .text.strncpy  0x00008ab6       0x2a d:/atmel/studio/7.0/toolchain/arm/arm-gnu-toolchain/bin/../lib/gcc/arm-none-eabi/6.2.1/../../../../arm-none-eabi/lib/thumb/v6-m\libc_nano.a(lib_a-strncpy.o)
                0x00008ab6                strncpy
 .text.strstr   0x00008ae0       0x30 d:/atmel/studio/7.0/toolchain/arm/arm-gnu-toolchain/bin/../lib/gcc/arm-none-eabi/6.2.1/../../../../arm-none-eabi/lib/thumb/v6-m\libc_nano.a(lib_a-strstr.o)
                0x00008ae0                strstr
 .text._strtol_l.isra.0
                0x00008b10      0x10c d:/atmel/studio/7.0/toolchain/arm/arm-gnu-toolchain/bin/../lib/gcc/arm-none-eabi/6.2.1/../../../../arm-none-eabi/lib/thumb/v6-m\libc_nano.a(lib_a-strtol.o)
 .text._strtol_r
                0x00008c1c       0x20 d:/atmel/studio/7.0/toolchain/arm/arm-gnu-toolchain/bin/../lib/gcc/arm-none-eabi/6.2.1/../../../../arm-none-eabi/lib/thumb/v6-m\libc_nano.a(lib_a-strtol.o)
                0x00008c1c                _strtol_r
 .text.strtol   0x00008c3c       0x28 d:/atmel/studio/7.0/toolchain/arm/arm-gnu-toolchain/bin/../lib/gcc/arm-none-eabi/6.2.1/../../../../arm-none-eabi/lib/thumb/v6-m\libc_nano.a(lib_a-strtol.o)
                0x00008c3c                strtol
 .text._strtoul_l.isra.0
                0x00008c64      0x10e d:/atmel/studio/7.0/toolchain/arm/arm-gnu-toolchain/bin/../lib/gcc/arm-none-eabi/6.2.1/../../../../arm-none-eabi/lib/thumb/v6-m\libc_nano.a(lib_a-strtoul.o)
 *fill*         0x00008d72        0x2 
 .text._strtoul_r
                0x00008d74       0x20 d:/atmel/studio/7.0/toolchain/arm/arm-gnu-toolchain/bin/../lib/gcc/arm-none-eabi/6.2.1/../../../../arm-none-eabi/lib/thumb/v6-m\libc_nano.a(lib_a-strtoul.o)
                0x00008d74                _strtoul_r
 .text.strtoul  0x00008d94       0x28 d:/atmel/studio/7.0/toolchain/arm/arm-gnu-toolchain/bin/../lib/gcc/arm-none-eabi/6.2.1/../../../../arm-none-eabi/lib/thumb/v6-m\libc_nano.a(lib_a-strtoul.o)
                0x00008d94                strtoul
 .text._vsprintf_r
                0x00008dbc       0x30 d:/atmel/studio/7.0/toolchain/arm/arm-gnu-toolchain/bin/../lib/gcc/arm-none-eabi/6.2.1/../../../../arm-none-eabi/lib/thumb/v6-m\libc_nano.a(lib_a-vsprintf.o)
                0x00008dbc                _vsprintf_r
                0x00008dbc                _vsiprintf_r
 .text.vsprintf
                0x00008dec       0x18 d:/atmel/studio/7.0/toolchain/arm/arm-gnu-toolchain/bin/../lib/gcc/arm-none-eabi/6.2.1/../../../../arm-none-eabi/lib/thumb/v6-m\libc_nano.a(lib_a-vsprintf.o)
                0x00008dec                vsiprintf
                0x00008dec                vsprintf
 .text.__ascii_wctomb
                0x00008e04       0x18 d:/atmel/studio/7.0/toolchain/arm/arm-gnu-toolchain/bin/../lib/gcc/arm-none-eabi/6.2.1/../../../../arm-none-eabi/lib/thumb/v6-m\libc_nano.a(lib_a-wctomb_r.o)
                0x00008e04                __ascii_wctomb
 .text._malloc_r
                0x00008e1c       0xbc d:/atmel/studio/7.0/toolchain/arm/arm-gnu-toolchain/bin/../lib/gcc/arm-none-eabi/6.2.1/../../../../arm-none-eabi/lib/thumb/v6-m\libc_nano.a(lib_a-nano-mallocr.o)
                0x00008e1c                _malloc_r
 .text.__ssputs_r
                0x00008ed8       0xc4 d:/atmel/studio/7.0/toolchain/arm/arm-gnu-toolchain/bin/../lib/gcc/arm-none-eabi/6.2.1/../../../../arm-none-eabi/lib/thumb/v6-m\libc_nano.a(lib_a-nano-svfprintf.o)
                0x00008ed8                __ssputs_r
 .text._svfprintf_r
                0x00008f9c      0x208 d:/atmel/studio/7.0/toolchain/arm/arm-gnu-toolchain/bin/../lib/gcc/arm-none-eabi/6.2.1/../../../../arm-none-eabi/lib/thumb/v6-m\libc_nano.a(lib_a-nano-svfprintf.o)
                0x00008f9c                _svfiprintf_r
                0x00008f9c                _svfprintf_r
 .text._sungetc_r
                0x000091a4       0x78 d:/atmel/studio/7.0/toolchain/arm/arm-gnu-toolchain/bin/../lib/gcc/arm-none-eabi/6.2.1/../../../../arm-none-eabi/lib/thumb/v6-m\libc_nano.a(lib_a-nano-svfscanf.o)
                0x000091a4                _sungetc_r
 .text.__ssrefill_r
                0x0000921c       0x3e d:/atmel/studio/7.0/toolchain/arm/arm-gnu-toolchain/bin/../lib/gcc/arm-none-eabi/6.2.1/../../../../arm-none-eabi/lib/thumb/v6-m\libc_nano.a(lib_a-nano-svfscanf.o)
                0x0000921c                __ssrefill_r
 *fill*         0x0000925a        0x2 
 .text.__ssvfscanf_r
                0x0000925c      0x30c d:/atmel/studio/7.0/toolchain/arm/arm-gnu-toolchain/bin/../lib/gcc/arm-none-eabi/6.2.1/../../../../arm-none-eabi/lib/thumb/v6-m\libc_nano.a(lib_a-nano-svfscanf.o)
                0x0000925c                __ssvfiscanf_r
                0x0000925c                __ssvfscanf_r
 .text._printf_common
                0x00009568       0xda d:/atmel/studio/7.0/toolchain/arm/arm-gnu-toolchain/bin/../lib/gcc/arm-none-eabi/6.2.1/../../../../arm-none-eabi/lib/thumb/v6-m\libc_nano.a(lib_a-nano-vfprintf_i.o)
                0x00009568                _printf_common
 *fill*         0x00009642        0x2 
 .text._printf_i
                0x00009644      0x234 d:/atmel/studio/7.0/toolchain/arm/arm-gnu-toolchain/bin/../lib/gcc/arm-none-eabi/6.2.1/../../../../arm-none-eabi/lib/thumb/v6-m\libc_nano.a(lib_a-nano-vfprintf_i.o)
                0x00009644                _printf_i
 .text._scanf_chars
                0x00009878       0xc8 d:/atmel/studio/7.0/toolchain/arm/arm-gnu-toolchain/bin/../lib/gcc/arm-none-eabi/6.2.1/../../../../arm-none-eabi/lib/thumb/v6-m\libc_nano.a(lib_a-nano-vfscanf_i.o)
                0x00009878                _scanf_chars
 .text._scanf_i
                0x00009940      0x200 d:/atmel/studio/7.0/toolchain/arm/arm-gnu-toolchain/bin/../lib/gcc/arm-none-eabi/6.2.1/../../../../arm-none-eabi/lib/thumb/v6-m\libc_nano.a(lib_a-nano-vfscanf_i.o)
                0x00009940                _scanf_i
 .text._sbrk_r  0x00009b40       0x24 d:/atmel/studio/7.0/toolchain/arm/arm-gnu-toolchain/bin/../lib/gcc/arm-none-eabi/6.2.1/../../../../arm-none-eabi/lib/thumb/v6-m\libc_nano.a(lib_a-sbrkr.o)
                0x00009b40                _sbrk_r
 .text.__sccl   0x00009b64       0x62 d:/atmel/studio/7.0/toolchain/arm/arm-gnu-toolchain/bin/../lib/gcc/arm-none-eabi/6.2.1/../../../../arm-none-eabi/lib/thumb/v6-m\libc_nano.a(lib_a-sccl.o)
                0x00009b64                __sccl
 *fill*         0x00009bc6        0x2 
 .text.__submore
                0x00009bc8       0x7c d:/atmel/studio/7.0/toolchain/arm/arm-gnu-toolchain/bin/../lib/gcc/arm-none-eabi/6.2.1/../../../../arm-none-eabi/lib/thumb/v6-m\libc_nano.a(lib_a-ungetc.o)
                0x00009bc8                __submore
 .text.memchr   0x00009c44       0x16 d:/atmel/studio/7.0/toolchain/arm/arm-gnu-toolchain/bin/../lib/gcc/arm-none-eabi/6.2.1/../../../../arm-none-eabi/lib/thumb/v6-m\libc_nano.a(lib_a-memchr-stub.o)
                0x00009c44                memchr
 .text.memmove  0x00009c5a       0x24 d:/atmel/studio/7.0/toolchain/arm/arm-gnu-toolchain/bin/../lib/gcc/arm-none-eabi/6.2.1/../../../../arm-none-eabi/lib/thumb/v6-m\libc_nano.a(lib_a-memmove.o)
                0x00009c5a                memmove
 .text.__malloc_lock
                0x00009c7e        0x2 d:/atmel/studio/7.0/toolchain/arm/arm-gnu-toolchain/bin/../lib/gcc/arm-none-eabi/6.2.1/../../../../arm-none-eabi/lib/thumb/v6-m\libc_nano.a(lib_a-mlock.o)
                0x00009c7e                __malloc_lock
 .text.__malloc_unlock
                0x00009c80        0x2 d:/atmel/studio/7.0/toolchain/arm/arm-gnu-toolchain/bin/../lib/gcc/arm-none-eabi/6.2.1/../../../../arm-none-eabi/lib/thumb/v6-m\libc_nano.a(lib_a-mlock.o)
                0x00009c80                __malloc_unlock
 *fill*         0x00009c82        0x2 
 .text._free_r  0x00009c84       0x94 d:/atmel/studio/7.0/toolchain/arm/arm-gnu-toolchain/bin/../lib/gcc/arm-none-eabi/6.2.1/../../../../arm-none-eabi/lib/thumb/v6-m\libc_nano.a(lib_a-nano-freer.o)
                0x00009c84                _free_r
 .text._realloc_r
                0x00009d18       0x4c d:/atmel/studio/7.0/toolchain/arm/arm-gnu-toolchain/bin/../lib/gcc/arm-none-eabi/6.2.1/../../../../arm-none-eabi/lib/thumb/v6-m\libc_nano.a(lib_a-nano-reallocr.o)
                0x00009d18                _realloc_r
 .text._malloc_usable_size_r
                0x00009d64       0x10 d:/atmel/studio/7.0/toolchain/arm/arm-gnu-toolchain/bin/../lib/gcc/arm-none-eabi/6.2.1/../../../../arm-none-eabi/lib/thumb/v6-m\libc_nano.a(lib_a-nano-msizer.o)
                0x00009d64                _malloc_usable_size_r
 *(.glue_7t)
 .glue_7t       0x00009d74        0x0 linker stubs
 *(.glue_7)
 .glue_7        0x00009d74        0x0 linker stubs
 *(.rodata .rodata* .gnu.linkonce.r.*)
 .rodata        0x00009d74        0xc bt.o
 .rodata.str1.1
                0x00009d80      0x240 bt.o
                                0x251 (size before relaxing)
 .rodata.str1.1
                0x00009fc0       0xb0 cmd.o
                                 0xb5 (size before relaxing)
 .rodata.str1.1
                0x0000a070      0x221 code.o
 *fill*         0x0000a291       0x6f 
 .rodata        0x0000a300      0x200 flash.o
 .rodata.str1.1
                0x0000a500       0x37 flash.o
 .rodata.str1.1
                0x0000a537      0x268 main.o
                                0x273 (size before relaxing)
 .rodata        0x0000a79f       0x50 oled.o
 .rodata.str1.1
                0x0000a7ef       0x1e oled.o
                                 0x21 (size before relaxing)
 .rodata        0x0000a80d      0x139 oled/u8g2_fonts.o
                0x0000a80d                u8g2_font_9x15_mn
 *fill*         0x0000a946        0x2 
 .rodata        0x0000a948       0x28 oled/u8g2_setup.o
                0x0000a948                u8g2_cb_mirror
                0x0000a950                u8g2_cb_r3
                0x0000a958                u8g2_cb_r2
                0x0000a960                u8g2_cb_r1
                0x0000a968                u8g2_cb_r0
 .rodata        0x0000a970      0x119 oled/u8x8_d_ssd1306_128x64_noname.o
 *fill*         0x0000aa89        0x3 
 .rodata        0x0000aa8c       0x3c scc.o
 .rodata.str1.1
                0x0000aac8      0x3ca scc.o
                                0x3e9 (size before relaxing)
 .rodata.str1.1
                0x0000ae92      0x9ba sim.o
                                0x9e1 (size before relaxing)
 .rodata        0x0000b84c        0x9 tasks.o
 .rodata.str1.1
                0x0000b855      0x1a0 tasks.o
                                0x22c (size before relaxing)
 *fill*         0x0000b9f5        0x1 
 .rodata        0x0000b9f6       0x14 tone.o
 .rodata.str1.1
                0x0000ba0a       0x70 i2c.o
 .rodata        0x0000ba7a       0x6e utils.o
                0x0000ba7a                digitlut
                0x0000ba84                seqlut
 .rodata        0x0000bae8       0x40 d:/atmel/studio/7.0/toolchain/arm/arm-gnu-toolchain/bin/../lib/gcc/arm-none-eabi/6.2.1/thumb/v6-m\libgcc.a(muldf3.o)
 .rodata._setlocale_r.str1.1
                0x0000bb28        0x8 d:/atmel/studio/7.0/toolchain/arm/arm-gnu-toolchain/bin/../lib/gcc/arm-none-eabi/6.2.1/../../../../arm-none-eabi/lib/thumb/v6-m\libc_nano.a(lib_a-locale.o)
                                  0x9 (size before relaxing)
 .rodata.str1.1
                0x0000bb30        0x2 d:/atmel/studio/7.0/toolchain/arm/arm-gnu-toolchain/bin/../lib/gcc/arm-none-eabi/6.2.1/../../../../arm-none-eabi/lib/thumb/v6-m\libc_nano.a(lib_a-locale.o)
 .rodata._ctype_
                0x0000bb30      0x101 d:/atmel/studio/7.0/toolchain/arm/arm-gnu-toolchain/bin/../lib/gcc/arm-none-eabi/6.2.1/../../../../arm-none-eabi/lib/thumb/v6-m\libc_nano.a(lib_a-ctype_.o)
                0x0000bb30                _ctype_
 *fill*         0x0000bc31        0x3 
 .rodata.__sf_fake_stderr
                0x0000bc34       0x20 d:/atmel/studio/7.0/toolchain/arm/arm-gnu-toolchain/bin/../lib/gcc/arm-none-eabi/6.2.1/../../../../arm-none-eabi/lib/thumb/v6-m\libc_nano.a(lib_a-findfp.o)
                0x0000bc34                __sf_fake_stderr
 .rodata.__sf_fake_stdin
                0x0000bc54       0x20 d:/atmel/studio/7.0/toolchain/arm/arm-gnu-toolchain/bin/../lib/gcc/arm-none-eabi/6.2.1/../../../../arm-none-eabi/lib/thumb/v6-m\libc_nano.a(lib_a-findfp.o)
                0x0000bc54                __sf_fake_stdin
 .rodata.__sf_fake_stdout
                0x0000bc74       0x20 d:/atmel/studio/7.0/toolchain/arm/arm-gnu-toolchain/bin/../lib/gcc/arm-none-eabi/6.2.1/../../../../arm-none-eabi/lib/thumb/v6-m\libc_nano.a(lib_a-findfp.o)
                0x0000bc74                __sf_fake_stdout
 .rodata._svfprintf_r.str1.1
                0x0000bc94       0x11 d:/atmel/studio/7.0/toolchain/arm/arm-gnu-toolchain/bin/../lib/gcc/arm-none-eabi/6.2.1/../../../../arm-none-eabi/lib/thumb/v6-m\libc_nano.a(lib_a-nano-svfprintf.o)
 .rodata.__ssvfscanf_r.str1.1
                0x0000bca5        0x4 d:/atmel/studio/7.0/toolchain/arm/arm-gnu-toolchain/bin/../lib/gcc/arm-none-eabi/6.2.1/../../../../arm-none-eabi/lib/thumb/v6-m\libc_nano.a(lib_a-nano-svfscanf.o)
 .rodata._printf_i.str1.1
                0x0000bca5       0x22 d:/atmel/studio/7.0/toolchain/arm/arm-gnu-toolchain/bin/../lib/gcc/arm-none-eabi/6.2.1/../../../../arm-none-eabi/lib/thumb/v6-m\libc_nano.a(lib_a-nano-vfprintf_i.o)
 *fill*         0x0000bcc7        0x1 
 .rodata        0x0000bcc8        0xc d:/atmel/studio/7.0/toolchain/arm/arm-gnu-toolchain/bin/../lib/gcc/arm-none-eabi/6.2.1/../../../../arm-none-eabi/lib/thumb/v6-m\libc_nano.a(lib_a-nano-vfscanf_i.o)
 .rodata._scanf_i.str1.1
                0x0000bcd4       0x12 d:/atmel/studio/7.0/toolchain/arm/arm-gnu-toolchain/bin/../lib/gcc/arm-none-eabi/6.2.1/../../../../arm-none-eabi/lib/thumb/v6-m\libc_nano.a(lib_a-nano-vfscanf_i.o)
 .rodata.str1.1
                0x0000bce6        0x9 d:/atmel/studio/7.0/toolchain/arm/arm-gnu-toolchain/bin/../lib/gcc/arm-none-eabi/6.2.1/../../../../arm-none-eabi/lib/thumb/v6-m\libc_nano.a(lib_a-nano-vfscanf_i.o)
 *(.ARM.extab* .gnu.linkonce.armextab.*)
                0x0000bcf0                . = ALIGN (0x4)
 *fill*         0x0000bcef        0x1 
 *(.init)
 .init          0x0000bcf0        0x4 d:/atmel/studio/7.0/toolchain/arm/arm-gnu-toolchain/bin/../lib/gcc/arm-none-eabi/6.2.1/thumb/v6-m/crti.o
                0x0000bcf0                _init
 .init          0x0000bcf4        0x8 d:/atmel/studio/7.0/toolchain/arm/arm-gnu-toolchain/bin/../lib/gcc/arm-none-eabi/6.2.1/thumb/v6-m/crtn.o
                0x0000bcfc                . = ALIGN (0x4)
                0x0000bcfc                __preinit_array_start = .
 *(.preinit_array)
                0x0000bcfc                __preinit_array_end = .
                0x0000bcfc                . = ALIGN (0x4)
                0x0000bcfc                __init_array_start = .
 *(SORT(.init_array.*))
 *(.init_array)
 .init_array    0x0000bcfc        0x4 d:/atmel/studio/7.0/toolchain/arm/arm-gnu-toolchain/bin/../lib/gcc/arm-none-eabi/6.2.1/thumb/v6-m/crtbegin.o
                0x0000bd00                __init_array_end = .
                0x0000bd00                . = ALIGN (0x4)
 *crtbegin.o(.ctors)
 *(EXCLUDE_FILE(*crtend.o) .ctors)
 *(SORT(.ctors.*))
 *crtend.o(.ctors)
                0x0000bd00                . = ALIGN (0x4)
 *(.fini)
 .fini          0x0000bd00        0x4 d:/atmel/studio/7.0/toolchain/arm/arm-gnu-toolchain/bin/../lib/gcc/arm-none-eabi/6.2.1/thumb/v6-m/crti.o
                0x0000bd00                _fini
 .fini          0x0000bd04        0x8 d:/atmel/studio/7.0/toolchain/arm/arm-gnu-toolchain/bin/../lib/gcc/arm-none-eabi/6.2.1/thumb/v6-m/crtn.o
                0x0000bd0c                . = ALIGN (0x4)
                0x0000bd0c                __fini_array_start = .
 *(.fini_array)
 .fini_array    0x0000bd0c        0x4 d:/atmel/studio/7.0/toolchain/arm/arm-gnu-toolchain/bin/../lib/gcc/arm-none-eabi/6.2.1/thumb/v6-m/crtbegin.o
 *(SORT(.fini_array.*))
                0x0000bd10                __fini_array_end = .
 *crtbegin.o(.dtors)
 *(EXCLUDE_FILE(*crtend.o) .dtors)
 *(SORT(.dtors.*))
 *crtend.o(.dtors)
                0x0000bd10                . = ALIGN (0x4)
                0x0000bd10                _efixed = .
                [!provide]                PROVIDE (__exidx_start, .)

.vfp11_veneer   0x0000bd10        0x0
 .vfp11_veneer  0x0000bd10        0x0 linker stubs

.v4_bx          0x0000bd10        0x0
 .v4_bx         0x0000bd10        0x0 linker stubs

.iplt           0x0000bd10        0x0
 .iplt          0x0000bd10        0x0 d:/atmel/studio/7.0/toolchain/arm/arm-gnu-toolchain/bin/../lib/gcc/arm-none-eabi/6.2.1/thumb/v6-m/crtbegin.o

.eh_frame       0x0000bd10        0x0
 .eh_frame      0x0000bd10        0x0 d:/atmel/studio/7.0/toolchain/arm/arm-gnu-toolchain/bin/../lib/gcc/arm-none-eabi/6.2.1/thumb/v6-m/crtbegin.o

.rel.dyn        0x0000bd10        0x0
 .rel.iplt      0x0000bd10        0x0 d:/atmel/studio/7.0/toolchain/arm/arm-gnu-toolchain/bin/../lib/gcc/arm-none-eabi/6.2.1/thumb/v6-m/crtbegin.o

.jcr            0x0000bd10        0x0
 .jcr           0x0000bd10        0x0 d:/atmel/studio/7.0/toolchain/arm/arm-gnu-toolchain/bin/../lib/gcc/arm-none-eabi/6.2.1/thumb/v6-m/crtbegin.o

.igot.plt       0x0000bd10        0x0
 .igot.plt      0x0000bd10        0x0 d:/atmel/studio/7.0/toolchain/arm/arm-gnu-toolchain/bin/../lib/gcc/arm-none-eabi/6.2.1/thumb/v6-m/crtbegin.o

.ARM.exidx
 *(.ARM.exidx* .gnu.linkonce.armexidx.*)
                [!provide]                PROVIDE (__exidx_end, .)
                0x0000bd10                . = ALIGN (0x4)
                0x0000bd10                _etext = .

.relocate       0x20000000      0x2e4 load address 0x0000bd10
                0x20000000                . = ALIGN (0x4)
                0x20000000                _srelocate = .
 *(.ramfunc .ramfunc.*)
 *(.data .data.*)
 .data          0x20000000       0x8c oled.o
 .data          0x2000008c       0x88 tone.o
                0x2000008c                melody_success
                0x200000c4                melody_expired
                0x20000104                melody_error
 .data._impure_ptr
                0x20000114        0x4 d:/atmel/studio/7.0/toolchain/arm/arm-gnu-toolchain/bin/../lib/gcc/arm-none-eabi/6.2.1/../../../../arm-none-eabi/lib/thumb/v6-m\libc_nano.a(lib_a-impure.o)
                0x20000114                _impure_ptr
 .data.impure_data
                0x20000118       0x60 d:/atmel/studio/7.0/toolchain/arm/arm-gnu-toolchain/bin/../lib/gcc/arm-none-eabi/6.2.1/../../../../arm-none-eabi/lib/thumb/v6-m\libc_nano.a(lib_a-impure.o)
 .data.__global_locale
                0x20000178      0x16c d:/atmel/studio/7.0/toolchain/arm/arm-gnu-toolchain/bin/../lib/gcc/arm-none-eabi/6.2.1/../../../../arm-none-eabi/lib/thumb/v6-m\libc_nano.a(lib_a-locale.o)
                0x20000178                __global_locale
                0x200002e4                . = ALIGN (0x4)
                0x200002e4                _erelocate = .

.bss            0x200002e8      0xa78 load address 0x0000bff8
                0x200002e8                . = ALIGN (0x4)
                0x200002e8                _sbss = .
                0x200002e8                _szero = .
 *(.bss .bss.*)
 .bss           0x200002e8       0x1c d:/atmel/studio/7.0/toolchain/arm/arm-gnu-toolchain/bin/../lib/gcc/arm-none-eabi/6.2.1/thumb/v6-m/crtbegin.o
 .bss           0x20000304        0xe code.o
 *fill*         0x20000312        0x2 
 .bss           0x20000314       0x80 flash.o
 .bss           0x20000394        0x7 main.o
                0x20000394                data_receive_idx
                0x20000398                usart_rx_ready
                0x20000399                serial_rxflag
                0x2000039a                alarmTriggered
 *fill*         0x2000039b        0x1 
 .bss           0x2000039c       0x8e oled.o
                0x2000039c                oled_i2c_tx_done
                0x2000039d                oled_i2c_rx_done
 .bss           0x2000042a      0x100 oled/u8g2_d_memory.o
 .bss           0x2000052a        0x7 scc.o
 .bss           0x20000531      0x35d sim.o
 *fill*         0x2000088e        0x2 
 .bss           0x20000890       0x14 tasks.o
 .bss           0x200008a4        0x1 tone.o
                0x200008a4                toneIsActive
 .bss           0x200008a5        0x2 i2c.o
                0x200008a5                i2c_tx_done
                0x200008a6                i2c_rx_done
 .bss           0x200008a7        0x2 uart.o
 *fill*         0x200008a9        0x3 
 .bss.__malloc_free_list
                0x200008ac        0x4 d:/atmel/studio/7.0/toolchain/arm/arm-gnu-toolchain/bin/../lib/gcc/arm-none-eabi/6.2.1/../../../../arm-none-eabi/lib/thumb/v6-m\libc_nano.a(lib_a-nano-mallocr.o)
                0x200008ac                __malloc_free_list
 .bss.__malloc_sbrk_start
                0x200008b0        0x4 d:/atmel/studio/7.0/toolchain/arm/arm-gnu-toolchain/bin/../lib/gcc/arm-none-eabi/6.2.1/../../../../arm-none-eabi/lib/thumb/v6-m\libc_nano.a(lib_a-nano-mallocr.o)
                0x200008b0                __malloc_sbrk_start
 *(COMMON)
 COMMON         0x200008b4       0x18 flash.o
                0x200008b4                MAX_FLASH
                0x200008b8                PAGES
                0x200008bc                flash_address
                0x200008c0                PAGE_SIZE
                0x200008c4                ROW_SIZE
                0x200008c8                flash_size
 COMMON         0x200008cc      0x124 ir_receiver.o
                0x200008cc                irparams
                0x200009ec                myticks
 COMMON         0x200009f0      0x2d7 main.o
                0x200009f0                rxbuf
                0x20000a54                rcause
                0x20000a58                sysval
                0x20000b1c                sim_task_queue
                0x20000b5e                task_queue
                0x20000c0f                serial_rxbuf
                0x20000c10                sysTime
                0x20000c14                cmd_task_queue
                0x20000cc5                wdt_wakeup
                0x20000cc6                bod33_tripped
 COMMON         0x20000cc7       0x44 oled.o
                0x20000cc7                oled_i2c_idx
                0x20000cc8                oled_i2c_rx_buf
                0x20000ce8                oled_i2c_tx_buf
                0x20000d08                oled_i2c_nof_rx
                0x20000d09                oled_i2c_concat_idx
                0x20000d0a                oled_i2c_nof_tx
 COMMON         0x20000d0b        0x3 tasks.o
                0x20000d0b                sim_timeout
                0x20000d0c                i2c_timeout
                0x20000d0d                oled_i2c_timeout
 *fill*         0x20000d0e        0x2 
 COMMON         0x20000d10        0x8 tone.o
                0x20000d10                tone_toggleCount
 COMMON         0x20000d18       0x43 i2c.o
                0x20000d18                i2c_rx_buf
                0x20000d38                i2c_idx
                0x20000d39                i2c_tx_buf
                0x20000d59                i2c_nof_tx
                0x20000d5a                i2c_nof_rx
 *fill*         0x20000d5b        0x1 
 COMMON         0x20000d5c        0x4 d:/atmel/studio/7.0/toolchain/arm/arm-gnu-toolchain/bin/../lib/gcc/arm-none-eabi/6.2.1/../../../../arm-none-eabi/lib/thumb/v6-m\libc_nano.a(lib_a-reent.o)
                0x20000d5c                errno
                0x20000d60                . = ALIGN (0x4)
                0x20000d60                _ebss = .
                0x20000d60                _ezero = .

.stack          0x20000d60      0x800 load address 0x0000ca70
                0x20000d60                . = ALIGN (0x8)
                0x20000d60                _sstack = .
                0x20001560                . = (. + STACK_SIZE)
 *fill*         0x20000d60      0x800 
                0x20001560                . = ALIGN (0x8)
                0x20001560                _estack = .
                0x20001560                . = ALIGN (0x4)
                0x20001560                _end = .
OUTPUT(shsmaster3.elf elf32-littlearm)

.ARM.attributes
                0x00000000       0x28
 .ARM.attributes
                0x00000000       0x1e d:/atmel/studio/7.0/toolchain/arm/arm-gnu-toolchain/bin/../lib/gcc/arm-none-eabi/6.2.1/thumb/v6-m/crti.o
 .ARM.attributes
                0x0000001e       0x2c d:/atmel/studio/7.0/toolchain/arm/arm-gnu-toolchain/bin/../lib/gcc/arm-none-eabi/6.2.1/thumb/v6-m/crtbegin.o
 .ARM.attributes
                0x0000004a       0x32 bt.o
 .ARM.attributes
                0x0000007c       0x32 cmd.o
 .ARM.attributes
                0x000000ae       0x32 code.o
 .ARM.attributes
                0x000000e0       0x32 Device_Startup/startup_samd20.o
 .ARM.attributes
                0x00000112       0x32 flash.o
 .ARM.attributes
                0x00000144       0x32 ir_receiver.o
 .ARM.attributes
                0x00000176       0x32 main.o
 .ARM.attributes
                0x000001a8       0x32 oled.o
 .ARM.attributes
                0x000001da       0x32 oled/u8g2_bitmap.o
 .ARM.attributes
                0x0000020c       0x32 oled/u8g2_box.o
 .ARM.attributes
                0x0000023e       0x32 oled/u8g2_buffer.o
 .ARM.attributes
                0x00000270       0x32 oled/u8g2_circle.o
 .ARM.attributes
                0x000002a2       0x32 oled/u8g2_d_memory.o
 .ARM.attributes
                0x000002d4       0x32 oled/u8g2_d_setup.o
 .ARM.attributes
                0x00000306       0x32 oled/u8g2_font.o
 .ARM.attributes
                0x00000338       0x32 oled/u8g2_fonts.o
 .ARM.attributes
                0x0000036a       0x32 oled/u8g2_hvline.o
 .ARM.attributes
                0x0000039c       0x32 oled/u8g2_intersection.o
 .ARM.attributes
                0x000003ce       0x32 oled/u8g2_line.o
 .ARM.attributes
                0x00000400       0x32 oled/u8g2_ll_hvline.o
 .ARM.attributes
                0x00000432       0x32 oled/u8g2_setup.o
 .ARM.attributes
                0x00000464       0x32 oled/u8x8_8x8.o
 .ARM.attributes
                0x00000496       0x32 oled/u8x8_byte.o
 .ARM.attributes
                0x000004c8       0x32 oled/u8x8_cad.o
 .ARM.attributes
                0x000004fa       0x32 oled/u8x8_display.o
 .ARM.attributes
                0x0000052c       0x32 oled/u8x8_d_ssd1306_128x64_noname.o
 .ARM.attributes
                0x0000055e       0x32 oled/u8x8_gpio.o
 .ARM.attributes
                0x00000590       0x32 oled/u8x8_setup.o
 .ARM.attributes
                0x000005c2       0x32 rtc.o
 .ARM.attributes
                0x000005f4       0x32 scc.o
 .ARM.attributes
                0x00000626       0x32 sim.o
 .ARM.attributes
                0x00000658       0x32 tasks.o
 .ARM.attributes
                0x0000068a       0x32 tone.o
 .ARM.attributes
                0x000006bc       0x32 i2c.o
 .ARM.attributes
                0x000006ee       0x32 uart.o
 .ARM.attributes
                0x00000720       0x32 utils.o
 .ARM.attributes
                0x00000752       0x32 wdt.o
 .ARM.attributes
                0x00000784       0x1e d:/atmel/studio/7.0/toolchain/arm/arm-gnu-toolchain/bin/../lib/gcc/arm-none-eabi/6.2.1/thumb/v6-m\libgcc.a(_thumb1_case_uqi.o)
 .ARM.attributes
                0x000007a2       0x1e d:/atmel/studio/7.0/toolchain/arm/arm-gnu-toolchain/bin/../lib/gcc/arm-none-eabi/6.2.1/thumb/v6-m\libgcc.a(_thumb1_case_uhi.o)
 .ARM.attributes
                0x000007c0       0x1e d:/atmel/studio/7.0/toolchain/arm/arm-gnu-toolchain/bin/../lib/gcc/arm-none-eabi/6.2.1/thumb/v6-m\libgcc.a(_udivsi3.o)
 .ARM.attributes
                0x000007de       0x1e d:/atmel/studio/7.0/toolchain/arm/arm-gnu-toolchain/bin/../lib/gcc/arm-none-eabi/6.2.1/thumb/v6-m\libgcc.a(_divsi3.o)
 .ARM.attributes
                0x000007fc       0x1e d:/atmel/studio/7.0/toolchain/arm/arm-gnu-toolchain/bin/../lib/gcc/arm-none-eabi/6.2.1/thumb/v6-m\libgcc.a(_dvmd_tls.o)
 .ARM.attributes
                0x0000081a       0x2c d:/atmel/studio/7.0/toolchain/arm/arm-gnu-toolchain/bin/../lib/gcc/arm-none-eabi/6.2.1/thumb/v6-m\libgcc.a(muldf3.o)
 .ARM.attributes
                0x00000846       0x2c d:/atmel/studio/7.0/toolchain/arm/arm-gnu-toolchain/bin/../lib/gcc/arm-none-eabi/6.2.1/thumb/v6-m\libgcc.a(fixdfsi.o)
 .ARM.attributes
                0x00000872       0x2c d:/atmel/studio/7.0/toolchain/arm/arm-gnu-toolchain/bin/../lib/gcc/arm-none-eabi/6.2.1/thumb/v6-m\libgcc.a(floatsidf.o)
 .ARM.attributes
                0x0000089e       0x1e d:/atmel/studio/7.0/toolchain/arm/arm-gnu-toolchain/bin/../lib/gcc/arm-none-eabi/6.2.1/thumb/v6-m\libgcc.a(_clzsi2.o)
 .ARM.attributes
                0x000008bc       0x2c d:/atmel/studio/7.0/toolchain/arm/arm-gnu-toolchain/bin/../lib/gcc/arm-none-eabi/6.2.1/../../../../arm-none-eabi/lib/thumb/v6-m\libc_nano.a(lib_a-atoi.o)
 .ARM.attributes
                0x000008e8       0x2c d:/atmel/studio/7.0/toolchain/arm/arm-gnu-toolchain/bin/../lib/gcc/arm-none-eabi/6.2.1/../../../../arm-none-eabi/lib/thumb/v6-m\libc_nano.a(lib_a-atol.o)
 .ARM.attributes
                0x00000914       0x2c d:/atmel/studio/7.0/toolchain/arm/arm-gnu-toolchain/bin/../lib/gcc/arm-none-eabi/6.2.1/../../../../arm-none-eabi/lib/thumb/v6-m\libc_nano.a(lib_a-impure.o)
 .ARM.attributes
                0x00000940       0x2c d:/atmel/studio/7.0/toolchain/arm/arm-gnu-toolchain/bin/../lib/gcc/arm-none-eabi/6.2.1/../../../../arm-none-eabi/lib/thumb/v6-m\libc_nano.a(lib_a-init.o)
 .ARM.attributes
                0x0000096c       0x2c d:/atmel/studio/7.0/toolchain/arm/arm-gnu-toolchain/bin/../lib/gcc/arm-none-eabi/6.2.1/../../../../arm-none-eabi/lib/thumb/v6-m\libc_nano.a(lib_a-locale.o)
 .ARM.attributes
                0x00000998       0x2c d:/atmel/studio/7.0/toolchain/arm/arm-gnu-toolchain/bin/../lib/gcc/arm-none-eabi/6.2.1/../../../../arm-none-eabi/lib/thumb/v6-m\libc_nano.a(lib_a-mbtowc_r.o)
 .ARM.attributes
                0x000009c4       0x2c d:/atmel/studio/7.0/toolchain/arm/arm-gnu-toolchain/bin/../lib/gcc/arm-none-eabi/6.2.1/../../../../arm-none-eabi/lib/thumb/v6-m\libc_nano.a(lib_a-memcpy-stub.o)
 .ARM.attributes
                0x000009f0       0x2c d:/atmel/studio/7.0/toolchain/arm/arm-gnu-toolchain/bin/../lib/gcc/arm-none-eabi/6.2.1/../../../../arm-none-eabi/lib/thumb/v6-m\libc_nano.a(lib_a-memset.o)
 .ARM.attributes
                0x00000a1c       0x2c d:/atmel/studio/7.0/toolchain/arm/arm-gnu-toolchain/bin/../lib/gcc/arm-none-eabi/6.2.1/../../../../arm-none-eabi/lib/thumb/v6-m\libc_nano.a(lib_a-sprintf.o)
 .ARM.attributes
                0x00000a48       0x2c d:/atmel/studio/7.0/toolchain/arm/arm-gnu-toolchain/bin/../lib/gcc/arm-none-eabi/6.2.1/../../../../arm-none-eabi/lib/thumb/v6-m\libc_nano.a(lib_a-sscanf.o)
 .ARM.attributes
                0x00000a74       0x2c d:/atmel/studio/7.0/toolchain/arm/arm-gnu-toolchain/bin/../lib/gcc/arm-none-eabi/6.2.1/../../../../arm-none-eabi/lib/thumb/v6-m\libc_nano.a(lib_a-stdio.o)
 .ARM.attributes
                0x00000aa0       0x2c d:/atmel/studio/7.0/toolchain/arm/arm-gnu-toolchain/bin/../lib/gcc/arm-none-eabi/6.2.1/../../../../arm-none-eabi/lib/thumb/v6-m\libc_nano.a(lib_a-strcat.o)
 .ARM.attributes
                0x00000acc       0x1c d:/atmel/studio/7.0/toolchain/arm/arm-gnu-toolchain/bin/../lib/gcc/arm-none-eabi/6.2.1/../../../../arm-none-eabi/lib/thumb/v6-m\libc_nano.a(lib_a-strcmp.o)
 .ARM.attributes
                0x00000ae8       0x2c d:/atmel/studio/7.0/toolchain/arm/arm-gnu-toolchain/bin/../lib/gcc/arm-none-eabi/6.2.1/../../../../arm-none-eabi/lib/thumb/v6-m\libc_nano.a(lib_a-strcpy.o)
 .ARM.attributes
                0x00000b14       0x1c d:/atmel/studio/7.0/toolchain/arm/arm-gnu-toolchain/bin/../lib/gcc/arm-none-eabi/6.2.1/../../../../arm-none-eabi/lib/thumb/v6-m\libc_nano.a(lib_a-strlen.o)
 .ARM.attributes
                0x00000b30       0x2c d:/atmel/studio/7.0/toolchain/arm/arm-gnu-toolchain/bin/../lib/gcc/arm-none-eabi/6.2.1/../../../../arm-none-eabi/lib/thumb/v6-m\libc_nano.a(lib_a-strncasecmp.o)
 .ARM.attributes
                0x00000b5c       0x2c d:/atmel/studio/7.0/toolchain/arm/arm-gnu-toolchain/bin/../lib/gcc/arm-none-eabi/6.2.1/../../../../arm-none-eabi/lib/thumb/v6-m\libc_nano.a(lib_a-strncmp.o)
 .ARM.attributes
                0x00000b88       0x2c d:/atmel/studio/7.0/toolchain/arm/arm-gnu-toolchain/bin/../lib/gcc/arm-none-eabi/6.2.1/../../../../arm-none-eabi/lib/thumb/v6-m\libc_nano.a(lib_a-strncpy.o)
 .ARM.attributes
                0x00000bb4       0x2c d:/atmel/studio/7.0/toolchain/arm/arm-gnu-toolchain/bin/../lib/gcc/arm-none-eabi/6.2.1/../../../../arm-none-eabi/lib/thumb/v6-m\libc_nano.a(lib_a-strstr.o)
 .ARM.attributes
                0x00000be0       0x2c d:/atmel/studio/7.0/toolchain/arm/arm-gnu-toolchain/bin/../lib/gcc/arm-none-eabi/6.2.1/../../../../arm-none-eabi/lib/thumb/v6-m\libc_nano.a(lib_a-strtol.o)
 .ARM.attributes
                0x00000c0c       0x2c d:/atmel/studio/7.0/toolchain/arm/arm-gnu-toolchain/bin/../lib/gcc/arm-none-eabi/6.2.1/../../../../arm-none-eabi/lib/thumb/v6-m\libc_nano.a(lib_a-strtoul.o)
 .ARM.attributes
                0x00000c38       0x2c d:/atmel/studio/7.0/toolchain/arm/arm-gnu-toolchain/bin/../lib/gcc/arm-none-eabi/6.2.1/../../../../arm-none-eabi/lib/thumb/v6-m\libc_nano.a(lib_a-vsprintf.o)
 .ARM.attributes
                0x00000c64       0x2c d:/atmel/studio/7.0/toolchain/arm/arm-gnu-toolchain/bin/../lib/gcc/arm-none-eabi/6.2.1/../../../../arm-none-eabi/lib/thumb/v6-m\libc_nano.a(lib_a-wctomb_r.o)
 .ARM.attributes
                0x00000c90       0x2c d:/atmel/studio/7.0/toolchain/arm/arm-gnu-toolchain/bin/../lib/gcc/arm-none-eabi/6.2.1/../../../../arm-none-eabi/lib/thumb/v6-m\libc_nano.a(lib_a-ctype_.o)
 .ARM.attributes
                0x00000cbc       0x2c d:/atmel/studio/7.0/toolchain/arm/arm-gnu-toolchain/bin/../lib/gcc/arm-none-eabi/6.2.1/../../../../arm-none-eabi/lib/thumb/v6-m\libc_nano.a(lib_a-findfp.o)
 .ARM.attributes
                0x00000ce8       0x2c d:/atmel/studio/7.0/toolchain/arm/arm-gnu-toolchain/bin/../lib/gcc/arm-none-eabi/6.2.1/../../../../arm-none-eabi/lib/thumb/v6-m\libc_nano.a(lib_a-nano-mallocr.o)
 .ARM.attributes
                0x00000d14       0x2c d:/atmel/studio/7.0/toolchain/arm/arm-gnu-toolchain/bin/../lib/gcc/arm-none-eabi/6.2.1/../../../../arm-none-eabi/lib/thumb/v6-m\libc_nano.a(lib_a-nano-svfprintf.o)
 .ARM.attributes
                0x00000d40       0x2c d:/atmel/studio/7.0/toolchain/arm/arm-gnu-toolchain/bin/../lib/gcc/arm-none-eabi/6.2.1/../../../../arm-none-eabi/lib/thumb/v6-m\libc_nano.a(lib_a-nano-svfscanf.o)
 .ARM.attributes
                0x00000d6c       0x2c d:/atmel/studio/7.0/toolchain/arm/arm-gnu-toolchain/bin/../lib/gcc/arm-none-eabi/6.2.1/../../../../arm-none-eabi/lib/thumb/v6-m\libc_nano.a(lib_a-nano-vfprintf_i.o)
 .ARM.attributes
                0x00000d98       0x2c d:/atmel/studio/7.0/toolchain/arm/arm-gnu-toolchain/bin/../lib/gcc/arm-none-eabi/6.2.1/../../../../arm-none-eabi/lib/thumb/v6-m\libc_nano.a(lib_a-nano-vfscanf_i.o)
 .ARM.attributes
                0x00000dc4       0x2c d:/atmel/studio/7.0/toolchain/arm/arm-gnu-toolchain/bin/../lib/gcc/arm-none-eabi/6.2.1/../../../../arm-none-eabi/lib/thumb/v6-m\libc_nano.a(lib_a-reent.o)
 .ARM.attributes
                0x00000df0       0x2c d:/atmel/studio/7.0/toolchain/arm/arm-gnu-toolchain/bin/../lib/gcc/arm-none-eabi/6.2.1/../../../../arm-none-eabi/lib/thumb/v6-m\libc_nano.a(lib_a-sbrkr.o)
 .ARM.attributes
                0x00000e1c       0x2c d:/atmel/studio/7.0/toolchain/arm/arm-gnu-toolchain/bin/../lib/gcc/arm-none-eabi/6.2.1/../../../../arm-none-eabi/lib/thumb/v6-m\libc_nano.a(lib_a-sccl.o)
 .ARM.attributes
                0x00000e48       0x2c d:/atmel/studio/7.0/toolchain/arm/arm-gnu-toolchain/bin/../lib/gcc/arm-none-eabi/6.2.1/../../../../arm-none-eabi/lib/thumb/v6-m\libc_nano.a(lib_a-ungetc.o)
 .ARM.attributes
                0x00000e74       0x2c d:/atmel/studio/7.0/toolchain/arm/arm-gnu-toolchain/bin/../lib/gcc/arm-none-eabi/6.2.1/../../../../arm-none-eabi/lib/thumb/v6-m\libc_nano.a(lib_a-memchr-stub.o)
 .ARM.attributes
                0x00000ea0       0x2c d:/atmel/studio/7.0/toolchain/arm/arm-gnu-toolchain/bin/../lib/gcc/arm-none-eabi/6.2.1/../../../../arm-none-eabi/lib/thumb/v6-m\libc_nano.a(lib_a-memmove.o)
 .ARM.attributes
                0x00000ecc       0x2c d:/atmel/studio/7.0/toolchain/arm/arm-gnu-toolchain/bin/../lib/gcc/arm-none-eabi/6.2.1/../../../../arm-none-eabi/lib/thumb/v6-m\libc_nano.a(lib_a-mlock.o)
 .ARM.attributes
                0x00000ef8       0x2c d:/atmel/studio/7.0/toolchain/arm/arm-gnu-toolchain/bin/../lib/gcc/arm-none-eabi/6.2.1/../../../../arm-none-eabi/lib/thumb/v6-m\libc_nano.a(lib_a-nano-freer.o)
 .ARM.attributes
                0x00000f24       0x2c d:/atmel/studio/7.0/toolchain/arm/arm-gnu-toolchain/bin/../lib/gcc/arm-none-eabi/6.2.1/../../../../arm-none-eabi/lib/thumb/v6-m\libc_nano.a(lib_a-nano-reallocr.o)
 .ARM.attributes
                0x00000f50       0x2c d:/atmel/studio/7.0/toolchain/arm/arm-gnu-toolchain/bin/../lib/gcc/arm-none-eabi/6.2.1/../../../../arm-none-eabi/lib/thumb/v6-m\libc_nano.a(lib_a-nano-msizer.o)
 .ARM.attributes
                0x00000f7c       0x1e d:/atmel/studio/7.0/toolchain/arm/arm-gnu-toolchain/bin/../lib/gcc/arm-none-eabi/6.2.1/thumb/v6-m/crtn.o

.comment        0x00000000       0x59
 .comment       0x00000000       0x59 bt.o
                                 0x5a (size before relaxing)
 .comment       0x00000059       0x5a cmd.o
 .comment       0x00000059       0x5a code.o
 .comment       0x00000059       0x5a Device_Startup/startup_samd20.o
 .comment       0x00000059       0x5a flash.o
 .comment       0x00000059       0x5a ir_receiver.o
 .comment       0x00000059       0x5a main.o
 .comment       0x00000059       0x5a oled.o
 .comment       0x00000059       0x5a oled/u8g2_bitmap.o
 .comment       0x00000059       0x5a oled/u8g2_box.o
 .comment       0x00000059       0x5a oled/u8g2_buffer.o
 .comment       0x00000059       0x5a oled/u8g2_circle.o
 .comment       0x00000059       0x5a oled/u8g2_d_memory.o
 .comment       0x00000059       0x5a oled/u8g2_d_setup.o
 .comment       0x00000059       0x5a oled/u8g2_font.o
 .comment       0x00000059       0x5a oled/u8g2_fonts.o
 .comment       0x00000059       0x5a oled/u8g2_hvline.o
 .comment       0x00000059       0x5a oled/u8g2_intersection.o
 .comment       0x00000059       0x5a oled/u8g2_line.o
 .comment       0x00000059       0x5a oled/u8g2_ll_hvline.o
 .comment       0x00000059       0x5a oled/u8g2_setup.o
 .comment       0x00000059       0x5a oled/u8x8_8x8.o
 .comment       0x00000059       0x5a oled/u8x8_byte.o
 .comment       0x00000059       0x5a oled/u8x8_cad.o
 .comment       0x00000059       0x5a oled/u8x8_display.o
 .comment       0x00000059       0x5a oled/u8x8_d_ssd1306_128x64_noname.o
 .comment       0x00000059       0x5a oled/u8x8_gpio.o
 .comment       0x00000059       0x5a oled/u8x8_setup.o
 .comment       0x00000059       0x5a rtc.o
 .comment       0x00000059       0x5a scc.o
 .comment       0x00000059       0x5a sim.o
 .comment       0x00000059       0x5a tasks.o
 .comment       0x00000059       0x5a tone.o
 .comment       0x00000059       0x5a i2c.o
 .comment       0x00000059       0x5a uart.o
 .comment       0x00000059       0x5a utils.o
 .comment       0x00000059       0x5a wdt.o

.debug_info     0x00000000    0x88aed
 .debug_info    0x00000000     0x19b7 bt.o
 .debug_info    0x000019b7     0x14c4 cmd.o
 .debug_info    0x00002e7b     0x18ee code.o
 .debug_info    0x00004769      0x9b6 Device_Startup/startup_samd20.o
 .debug_info    0x0000511f     0x1655 flash.o
 .debug_info    0x00006774     0x2c25 ir_receiver.o
 .debug_info    0x00009399     0x3d34 main.o
 .debug_info    0x0000d0cd     0x8571 oled.o
 .debug_info    0x0001563e     0x49fa oled/u8g2_bitmap.o
 .debug_info    0x0001a038     0x4cef oled/u8g2_box.o
 .debug_info    0x0001ed27     0x517b oled/u8g2_buffer.o
 .debug_info    0x00023ea2     0x5455 oled/u8g2_circle.o
 .debug_info    0x000292f7     0x45d1 oled/u8g2_d_memory.o
 .debug_info    0x0002d8c8    0x14be9 oled/u8g2_d_setup.o
 .debug_info    0x000424b1     0x5df0 oled/u8g2_font.o
 .debug_info    0x000482a1     0x4585 oled/u8g2_fonts.o
 .debug_info    0x0004c826     0x4ab9 oled/u8g2_hvline.o
 .debug_info    0x000512df     0x465d oled/u8g2_intersection.o
 .debug_info    0x0005593c     0x4673 oled/u8g2_line.o
 .debug_info    0x00059faf     0x46df oled/u8g2_ll_hvline.o
 .debug_info    0x0005e68e     0x5394 oled/u8g2_setup.o
 .debug_info    0x00063a22      0xef0 oled/u8x8_8x8.o
 .debug_info    0x00064912     0x1a20 oled/u8x8_byte.o
 .debug_info    0x00066332     0x158f oled/u8x8_cad.o
 .debug_info    0x000678c1      0xc6e oled/u8x8_display.o
 .debug_info    0x0006852f      0xd35 oled/u8x8_d_ssd1306_128x64_noname.o
 .debug_info    0x00069264      0x6ae oled/u8x8_gpio.o
 .debug_info    0x00069912      0x769 oled/u8x8_setup.o
 .debug_info    0x0006a07b     0x4236 rtc.o
 .debug_info    0x0006e2b1     0x2207 scc.o
 .debug_info    0x000704b8     0x8565 sim.o
 .debug_info    0x00078a1d     0x4169 tasks.o
 .debug_info    0x0007cb86     0x3028 tone.o
 .debug_info    0x0007fbae     0x380a i2c.o
 .debug_info    0x000833b8     0x357b uart.o
 .debug_info    0x00086933      0xd48 utils.o
 .debug_info    0x0008767b     0x1472 wdt.o

.debug_abbrev   0x00000000     0x69a1
 .debug_abbrev  0x00000000      0x25c bt.o
 .debug_abbrev  0x0000025c      0x2c4 cmd.o
 .debug_abbrev  0x00000520      0x388 code.o
 .debug_abbrev  0x000008a8      0x1e4 Device_Startup/startup_samd20.o
 .debug_abbrev  0x00000a8c      0x327 flash.o
 .debug_abbrev  0x00000db3      0x3d4 ir_receiver.o
 .debug_abbrev  0x00001187      0x4b1 main.o
 .debug_abbrev  0x00001638      0x4aa oled.o
 .debug_abbrev  0x00001ae2      0x1f0 oled/u8g2_bitmap.o
 .debug_abbrev  0x00001cd2      0x1f9 oled/u8g2_box.o
 .debug_abbrev  0x00001ecb      0x2cf oled/u8g2_buffer.o
 .debug_abbrev  0x0000219a      0x28f oled/u8g2_circle.o
 .debug_abbrev  0x00002429      0x137 oled/u8g2_d_memory.o
 .debug_abbrev  0x00002560      0x1f0 oled/u8g2_d_setup.o
 .debug_abbrev  0x00002750      0x3c1 oled/u8g2_font.o
 .debug_abbrev  0x00002b11       0xfb oled/u8g2_fonts.o
 .debug_abbrev  0x00002c0c      0x267 oled/u8g2_hvline.o
 .debug_abbrev  0x00002e73      0x17b oled/u8g2_intersection.o
 .debug_abbrev  0x00002fee      0x18f oled/u8g2_line.o
 .debug_abbrev  0x0000317d      0x171 oled/u8g2_ll_hvline.o
 .debug_abbrev  0x000032ee      0x26c oled/u8g2_setup.o
 .debug_abbrev  0x0000355a      0x2f7 oled/u8x8_8x8.o
 .debug_abbrev  0x00003851      0x24a oled/u8x8_byte.o
 .debug_abbrev  0x00003a9b      0x240 oled/u8x8_cad.o
 .debug_abbrev  0x00003cdb      0x1e0 oled/u8x8_display.o
 .debug_abbrev  0x00003ebb      0x1ad oled/u8x8_d_ssd1306_128x64_noname.o
 .debug_abbrev  0x00004068      0x10e oled/u8x8_gpio.o
 .debug_abbrev  0x00004176      0x173 oled/u8x8_setup.o
 .debug_abbrev  0x000042e9      0x499 rtc.o
 .debug_abbrev  0x00004782      0x45a scc.o
 .debug_abbrev  0x00004bdc      0x661 sim.o
 .debug_abbrev  0x0000523d      0x540 tasks.o
 .debug_abbrev  0x0000577d      0x430 tone.o
 .debug_abbrev  0x00005bad      0x3fc i2c.o
 .debug_abbrev  0x00005fa9      0x3f6 uart.o
 .debug_abbrev  0x0000639f      0x2bf utils.o
 .debug_abbrev  0x0000665e      0x343 wdt.o

.debug_loc      0x00000000    0x246ee
 .debug_loc     0x00000000      0x42c bt.o
 .debug_loc     0x0000042c      0x3b6 cmd.o
 .debug_loc     0x000007e2      0x608 code.o
 .debug_loc     0x00000dea       0x4b Device_Startup/startup_samd20.o
 .debug_loc     0x00000e35      0x491 flash.o
 .debug_loc     0x000012c6      0x57a ir_receiver.o
 .debug_loc     0x00001840      0x257 main.o
 .debug_loc     0x00001a97      0x68f oled.o
 .debug_loc     0x00002126      0x57a oled/u8g2_bitmap.o
 .debug_loc     0x000026a0      0x7c4 oled/u8g2_box.o
 .debug_loc     0x00002e64      0x358 oled/u8g2_buffer.o
 .debug_loc     0x000031bc     0x1312 oled/u8g2_circle.o
 .debug_loc     0x000044ce       0x21 oled/u8g2_d_memory.o
 .debug_loc     0x000044ef    0x13c68 oled/u8g2_d_setup.o
 .debug_loc     0x00018157     0x1cd6 oled/u8g2_font.o
 .debug_loc     0x00019e2d      0xa9a oled/u8g2_hvline.o
 .debug_loc     0x0001a8c7      0x188 oled/u8g2_intersection.o
 .debug_loc     0x0001aa4f      0x330 oled/u8g2_line.o
 .debug_loc     0x0001ad7f      0x4f1 oled/u8g2_ll_hvline.o
 .debug_loc     0x0001b270      0x8ca oled/u8g2_setup.o
 .debug_loc     0x0001bb3a      0xc2b oled/u8x8_8x8.o
 .debug_loc     0x0001c765     0x1497 oled/u8x8_byte.o
 .debug_loc     0x0001dbfc     0x1249 oled/u8x8_cad.o
 .debug_loc     0x0001ee45      0x49a oled/u8x8_display.o
 .debug_loc     0x0001f2df      0x66c oled/u8x8_d_ssd1306_128x64_noname.o
 .debug_loc     0x0001f94b       0x83 oled/u8x8_gpio.o
 .debug_loc     0x0001f9ce      0x111 oled/u8x8_setup.o
 .debug_loc     0x0001fadf      0x950 rtc.o
 .debug_loc     0x0002042f     0x13bc scc.o
 .debug_loc     0x000217eb     0x19be sim.o
 .debug_loc     0x000231a9      0x7d7 tasks.o
 .debug_loc     0x00023980      0x4fa tone.o
 .debug_loc     0x00023e7a      0x28d i2c.o
 .debug_loc     0x00024107      0x1ae uart.o
 .debug_loc     0x000242b5      0x270 utils.o
 .debug_loc     0x00024525      0x1c9 wdt.o

.debug_aranges  0x00000000     0x19f8
 .debug_aranges
                0x00000000       0x60 bt.o
 .debug_aranges
                0x00000060       0x40 cmd.o
 .debug_aranges
                0x000000a0       0x70 code.o
 .debug_aranges
                0x00000110       0x28 Device_Startup/startup_samd20.o
 .debug_aranges
                0x00000138       0x78 flash.o
 .debug_aranges
                0x000001b0       0x50 ir_receiver.o
 .debug_aranges
                0x00000200       0x60 main.o
 .debug_aranges
                0x00000260       0x48 oled.o
 .debug_aranges
                0x000002a8       0x40 oled/u8g2_bitmap.o
 .debug_aranges
                0x000002e8       0x38 oled/u8g2_box.o
 .debug_aranges
                0x00000320       0x48 oled/u8g2_buffer.o
 .debug_aranges
                0x00000368       0x58 oled/u8g2_circle.o
 .debug_aranges
                0x000003c0       0x20 oled/u8g2_d_memory.o
 .debug_aranges
                0x000003e0      0xa38 oled/u8g2_d_setup.o
 .debug_aranges
                0x00000e18      0x180 oled/u8g2_font.o
 .debug_aranges
                0x00000f98       0x18 oled/u8g2_fonts.o
 .debug_aranges
                0x00000fb0       0x48 oled/u8g2_hvline.o
 .debug_aranges
                0x00000ff8       0x28 oled/u8g2_intersection.o
 .debug_aranges
                0x00001020       0x20 oled/u8g2_line.o
 .debug_aranges
                0x00001040       0x28 oled/u8g2_ll_hvline.o
 .debug_aranges
                0x00001068       0x78 oled/u8g2_setup.o
 .debug_aranges
                0x000010e0       0x98 oled/u8x8_8x8.o
 .debug_aranges
                0x00001178       0xa8 oled/u8x8_byte.o
 .debug_aranges
                0x00001220       0xa8 oled/u8x8_cad.o
 .debug_aranges
                0x000012c8       0x80 oled/u8x8_display.o
 .debug_aranges
                0x00001348       0x50 oled/u8x8_d_ssd1306_128x64_noname.o
 .debug_aranges