Archive member included to satisfy reference by file (symbol)

c:/program files (x86)/atmel/studio/7.0/toolchain/avr8/avr8-gnu-toolchain/bin/../lib/gcc/avr/5.4.0/avr51\libgcc.a(_udivmodhi4.o)
                              shsctrl.o (__udivmodhi4)
c:/program files (x86)/atmel/studio/7.0/toolchain/avr8/avr8-gnu-toolchain/bin/../lib/gcc/avr/5.4.0/avr51\libgcc.a(_divmodhi4.o)
                              tasks.o (__divmodhi4)
c:/program files (x86)/atmel/studio/7.0/toolchain/avr8/avr8-gnu-toolchain/bin/../lib/gcc/avr/5.4.0/avr51\libgcc.a(_udivmodsi4.o)
                              quota.o (__udivmodsi4)
c:/program files (x86)/atmel/studio/7.0/toolchain/avr8/avr8-gnu-toolchain/bin/../lib/gcc/avr/5.4.0/avr51\libgcc.a(_divmodsi4.o)
                              shsctrl.o (__divmodsi4)
c:/program files (x86)/atmel/studio/7.0/toolchain/avr8/avr8-gnu-toolchain/bin/../lib/gcc/avr/5.4.0/avr51\libgcc.a(_negsi2.o)
                              c:/program files (x86)/atmel/studio/7.0/toolchain/avr8/avr8-gnu-toolchain/bin/../lib/gcc/avr/5.4.0/avr51\libgcc.a(_divmodsi4.o) (__negsi2)
c:/program files (x86)/atmel/studio/7.0/toolchain/avr8/avr8-gnu-toolchain/bin/../lib/gcc/avr/5.4.0/avr51\libgcc.a(_exit.o)
                              C:/Program Files (x86)/Atmel/Studio/7.0/Packs/atmel/ATmega_DFP/1.2.132/gcc/dev/atmega1284p/avr51/crtatmega1284p.o (exit)
c:/program files (x86)/atmel/studio/7.0/toolchain/avr8/avr8-gnu-toolchain/bin/../lib/gcc/avr/5.4.0/avr51\libgcc.a(_copy_data.o)
                              scc.o (__do_copy_data)
c:/program files (x86)/atmel/studio/7.0/toolchain/avr8/avr8-gnu-toolchain/bin/../lib/gcc/avr/5.4.0/avr51\libgcc.a(_clear_bss.o)
                              shsctrl.o (__do_clear_bss)
c:/program files (x86)/atmel/studio/7.0/toolchain/avr8/avr8-gnu-toolchain/bin/../lib/gcc/avr/5.4.0/avr51\libgcc.a(_umulhisi3.o)
                              scc.o (__umulhisi3)
c:/program files (x86)/atmel/studio/7.0/toolchain/avr8/avr8-gnu-toolchain/bin/../lib/gcc/avr/5.4.0/avr51\libgcc.a(_muluhisi3.o)
                              scc.o (__muluhisi3)
c:/program files (x86)/atmel/studio/7.0/toolchain/avr8/avr8-gnu-toolchain/bin/../lib/gcc/avr/5.4.0/avr51\libgcc.a(_mulshisi3.o)
                              tasks.o (__mulshisi3)
c:/program files (x86)/atmel/studio/7.0/toolchain/avr8/avr8-gnu-toolchain/bin/../lib/gcc/avr/5.4.0/../../../../avr/lib/avr51\libc.a(atoi.o)
                              shsctrl.o (atoi)
c:/program files (x86)/atmel/studio/7.0/toolchain/avr8/avr8-gnu-toolchain/bin/../lib/gcc/avr/5.4.0/../../../../avr/lib/avr51\libc.a(atol.o)
                              shsctrl.o (atol)
c:/program files (x86)/atmel/studio/7.0/toolchain/avr8/avr8-gnu-toolchain/bin/../lib/gcc/avr/5.4.0/../../../../avr/lib/avr51\libc.a(isalnum.o)
                              shsctrl.o (isalnum)
c:/program files (x86)/atmel/studio/7.0/toolchain/avr8/avr8-gnu-toolchain/bin/../lib/gcc/avr/5.4.0/../../../../avr/lib/avr51\libc.a(cty_isfalse.o)
                              c:/program files (x86)/atmel/studio/7.0/toolchain/avr8/avr8-gnu-toolchain/bin/../lib/gcc/avr/5.4.0/../../../../avr/lib/avr51\libc.a(isalnum.o) (__ctype_isfalse)
c:/program files (x86)/atmel/studio/7.0/toolchain/avr8/avr8-gnu-toolchain/bin/../lib/gcc/avr/5.4.0/../../../../avr/lib/avr51\libc.a(isalpha.o)
                              c:/program files (x86)/atmel/studio/7.0/toolchain/avr8/avr8-gnu-toolchain/bin/../lib/gcc/avr/5.4.0/../../../../avr/lib/avr51\libc.a(isalnum.o) (isalpha)
c:/program files (x86)/atmel/studio/7.0/toolchain/avr8/avr8-gnu-toolchain/bin/../lib/gcc/avr/5.4.0/../../../../avr/lib/avr51\libc.a(isspace.o)
                              shsctrl.o (isspace)
c:/program files (x86)/atmel/studio/7.0/toolchain/avr8/avr8-gnu-toolchain/bin/../lib/gcc/avr/5.4.0/../../../../avr/lib/avr51\libc.a(strcmp.o)
                              sim900.o (strcmp)
c:/program files (x86)/atmel/studio/7.0/toolchain/avr8/avr8-gnu-toolchain/bin/../lib/gcc/avr/5.4.0/../../../../avr/lib/avr51\libc.a(strcpy.o)
                              shsctrl.o (strcpy)
c:/program files (x86)/atmel/studio/7.0/toolchain/avr8/avr8-gnu-toolchain/bin/../lib/gcc/avr/5.4.0/../../../../avr/lib/avr51\libc.a(strncasecmp.o)
                              shsctrl.o (strncasecmp)
c:/program files (x86)/atmel/studio/7.0/toolchain/avr8/avr8-gnu-toolchain/bin/../lib/gcc/avr/5.4.0/../../../../avr/lib/avr51\libc.a(strncmp.o)
                              sim900.o (strncmp)
c:/program files (x86)/atmel/studio/7.0/toolchain/avr8/avr8-gnu-toolchain/bin/../lib/gcc/avr/5.4.0/../../../../avr/lib/avr51\libc.a(strstr.o)
                              sim900.o (strstr)
c:/program files (x86)/atmel/studio/7.0/toolchain/avr8/avr8-gnu-toolchain/bin/../lib/gcc/avr/5.4.0/../../../../avr/lib/avr51\libc.a(mulsi10.o)
[...]
Memory Configuration

Name             Origin             Length             Attributes
text             0x00000000         0x00020000         xr
data             0x00800100         0x0000ff00         rw !x
eeprom           0x00810000         0x00010000         rw !x
fuse             0x00820000         0x00000003         rw !x
lock             0x00830000         0x00000400         rw !x
signature        0x00840000         0x00000400         rw !x
user_signatures  0x00850000         0x00000400         rw !x
*default*        0x00000000         0xffffffff

Linker script and memory map

Address of section .data set to 0x800100
LOAD C:/Program Files (x86)/Atmel/Studio/7.0/Packs/atmel/ATmega_DFP/1.2.132/gcc/dev/atmega1284p/avr51/crtatmega1284p.o
LOAD delay.o
LOAD quota.o
LOAD scc.o
LOAD shsctrl.o
LOAD sim900.o
LOAD tasks.o
LOAD twi.o
LOAD uart.o
START GROUP
LOAD c:/program files (x86)/atmel/studio/7.0/toolchain/avr8/avr8-gnu-toolchain/bin/../lib/gcc/avr/5.4.0/../../../../avr/lib/avr51\libm.a
END GROUP
START GROUP
LOAD c:/program files (x86)/atmel/studio/7.0/toolchain/avr8/avr8-gnu-toolchain/bin/../lib/gcc/avr/5.4.0/avr51\libgcc.a
LOAD c:/program files (x86)/atmel/studio/7.0/toolchain/avr8/avr8-gnu-toolchain/bin/../lib/gcc/avr/5.4.0/../../../../avr/lib/avr51\libm.a
LOAD c:/program files (x86)/atmel/studio/7.0/toolchain/avr8/avr8-gnu-toolchain/bin/../lib/gcc/avr/5.4.0/../../../../avr/lib/avr51\libc.a
LOAD C:/Program Files (x86)/Atmel/Studio/7.0/Packs/atmel/ATmega_DFP/1.2.132/gcc/dev/atmega1284p/avr51\libatmega1284p.a
END GROUP
                0x00020000                __TEXT_REGION_LENGTH__ = DEFINED (__TEXT_REGION_LENGTH__)?__TEXT_REGION_LENGTH__:0x20000
                0x0000ff00                __DATA_REGION_LENGTH__ = DEFINED (__DATA_REGION_LENGTH__)?__DATA_REGION_LENGTH__:0xff00
                0x00010000                __EEPROM_REGION_LENGTH__ = DEFINED (__EEPROM_REGION_LENGTH__)?__EEPROM_REGION_LENGTH__:0x10000
                [0x00000003]                __FUSE_REGION_LENGTH__ = DEFINED (__FUSE_REGION_LENGTH__)?__FUSE_REGION_LENGTH__:0x400
                0x00000400                __LOCK_REGION_LENGTH__ = DEFINED (__LOCK_REGION_LENGTH__)?__LOCK_REGION_LENGTH__:0x400
                0x00000400                __SIGNATURE_REGION_LENGTH__ = DEFINED (__SIGNATURE_REGION_LENGTH__)?__SIGNATURE_REGION_LENGTH__:0x400
                0x00000400                __USER_SIGNATURE_REGION_LENGTH__ = DEFINED (__USER_SIGNATURE_REGION_LENGTH__)?__USER_SIGNATURE_REGION_LENGTH__:0x400

.hash
 *(.hash)

.dynsym
 *(.dynsym)

.dynstr
 *(.dynstr)

.gnu.version
 *(.gnu.version)

.gnu.version_d
 *(.gnu.version_d)

.gnu.version_r
 *(.gnu.version_r)

.rel.init
 *(.rel.init)

.rela.init
 *(.rela.init)

.rel.text
 *(.rel.text)
 *(.rel.text.*)
 *(.rel.gnu.linkonce.t*)

.rela.text
 *(.rela.text)
 *(.rela.text.*)
 *(.rela.gnu.linkonce.t*)

.rel.fini
 *(.rel.fini)

.rela.fini
 *(.rela.fini)

.rel.rodata
 *(.rel.rodata)
 *(.rel.rodata.*)
 *(.rel.gnu.linkonce.r*)

.rela.rodata
 *(.rela.rodata)
 *(.rela.rodata.*)
 *(.rela.gnu.linkonce.r*)

.rel.data
 *(.rel.data)
 *(.rel.data.*)
 *(.rel.gnu.linkonce.d*)

.rela.data
 *(.rela.data)
 *(.rela.data.*)
 *(.rela.gnu.linkonce.d*)

.rel.ctors
 *(.rel.ctors)

.rela.ctors
 *(.rela.ctors)

.rel.dtors
 *(.rel.dtors)

.rela.dtors
 *(.rela.dtors)

.rel.got
 *(.rel.got)

.rela.got
 *(.rela.got)

.rel.bss
 *(.rel.bss)

.rela.bss
 *(.rela.bss)

.rel.plt
 *(.rel.plt)

.rela.plt
 *(.rela.plt)

.text           0x00000000     0x6562
 *(.vectors)
 .vectors       0x00000000       0x8c C:/Program Files (x86)/Atmel/Studio/7.0/Packs/atmel/ATmega_DFP/1.2.132/gcc/dev/atmega1284p/avr51/crtatmega1284p.o
                0x00000000                __vector_default
                0x00000000                __vectors
 *(.vectors)
 *(.progmem.gcc*)
                0x0000008c                . = ALIGN (0x2)
                0x0000008c                __trampolines_start = .
 *(.trampolines)
 .trampolines   0x0000008c        0x0 linker stubs
 *(.trampolines*)
                0x0000008c                __trampolines_end = .
 *libprintf_flt.a:*(.progmem.data)
 *libc.a:*(.progmem.data)
 .progmem.data  0x0000008c        0xc c:/program files (x86)/atmel/studio/7.0/toolchain/avr8/avr8-gnu-toolchain/bin/../lib/gcc/avr/5.4.0/../../../../avr/lib/avr51\libc.a(vfscanf_std.o)
 *(.progmem*)
 .progmem.data.__c.2495
                0x00000098       0x21 scc.o
 .progmem.data.__c.2493
                0x000000b9       0x21 scc.o
 .progmem.data.__c.2488
                0x000000da       0x4e scc.o
 .progmem.data.__c.2486
                0x00000128       0x4e scc.o
 .progmem.data.__c.2813
                0x00000176       0x20 shsctrl.o
 .progmem.data.PM_SOCstr2
                0x00000196       0x16 shsctrl.o
                0x00000196                PM_SOCstr2
 .progmem.data.PM_SOCstr1
                0x000001ac       0x29 shsctrl.o
                0x000001ac                PM_SOCstr1
 .progmem.data.PM_GETcmdDATA
                0x000001d5        0x7 shsctrl.o
                0x000001d5                PM_GETcmdDATA
 .progmem.data.PM_URLfilepath_data
                0x000001dc       0x1e shsctrl.o
                0x000001dc                PM_URLfilepath_data
                0x000001fa                . = ALIGN (0x2)
 *(.jumptables)
 *(.jumptables*)
 *(.lowtext)
 *(.lowtext*)
                0x000001fa                __ctors_start = .
 *(.ctors)
                0x000001fa                __ctors_end = .
                0x000001fa                __dtors_start = .
 *(.dtors)
                0x000001fa                __dtors_end = .
 SORT(*)(.ctors)
 SORT(*)(.dtors)
 *(.init0)
 .init0         0x000001fa        0x0 C:/Program Files (x86)/Atmel/Studio/7.0/Packs/atmel/ATmega_DFP/1.2.132/gcc/dev/atmega1284p/avr51/crtatmega1284p.o
                0x000001fa                __init
 *(.init0)
 *(.init1)
 *(.init1)
 *(.init2)
 .init2         0x000001fa        0xc C:/Program Files (x86)/Atmel/Studio/7.0/Packs/atmel/ATmega_DFP/1.2.132/gcc/dev/atmega1284p/avr51/crtatmega1284p.o
 *(.init2)
 *(.init3)
 .init3         0x00000206       0x18 shsctrl.o
                0x00000206                wdt_first
 *(.init3)
 *(.init4)
 .init4         0x0000021e       0x1a c:/program files (x86)/atmel/studio/7.0/toolchain/avr8/avr8-gnu-toolchain/bin/../lib/gcc/avr/5.4.0/avr51\libgcc.a(_copy_data.o)
                0x0000021e                __do_copy_data
 .init4         0x00000238       0x10 c:/program files (x86)/atmel/studio/7.0/toolchain/avr8/avr8-gnu-toolchain/bin/../lib/gcc/avr/5.4.0/avr51\libgcc.a(_clear_bss.o)
                0x00000238                __do_clear_bss
 *(.init4)
 *(.init5)
 *(.init5)
 *(.init6)
 *(.init6)
 *(.init7)
 *(.init7)
 *(.init8)
 *(.init8)
 *(.init9)
 .init9         0x00000248        0x8 C:/Program Files (x86)/Atmel/Studio/7.0/Packs/atmel/ATmega_DFP/1.2.132/gcc/dev/atmega1284p/avr51/crtatmega1284p.o
 *(.init9)
 *(.text)
 .text          0x00000250        0x2 C:/Program Files (x86)/Atmel/Studio/7.0/Packs/atmel/ATmega_DFP/1.2.132/gcc/dev/atmega1284p/avr51/crtatmega1284p.o
                0x00000250                __vector_22
                0x00000250                __vector_1
                0x00000250                __vector_32
                0x00000250                __vector_34
                0x00000250                __vector_24
                0x00000250                __vector_12
                0x00000250                __bad_interrupt
                0x00000250                __vector_6
                0x00000250                __vector_31
                0x00000250                __vector_3
                0x00000250                __vector_23
                0x00000250                __vector_30
                0x00000250                __vector_25
                0x00000250                __vector_11
                0x00000250                __vector_13
                0x00000250                __vector_17
                0x00000250                __vector_19
                0x00000250                __vector_27
                0x00000250                __vector_5
                0x00000250                __vector_33
                0x00000250                __vector_4
                0x00000250                __vector_9
                0x00000250                __vector_2
                0x00000250                __vector_21
                0x00000250                __vector_15
                0x00000250                __vector_29
                0x00000250                __vector_26
                0x00000250                __vector_14
                0x00000250                __vector_10
                0x00000250                __vector_18
                0x00000252                . = ALIGN (0x2)
 *(.text.*)
 .text.delayloop32
                0x00000252       0x1a delay.o
                0x00000252                delayloop32
 .text.quota_to_percent
                0x0000026c       0x22 quota.o
                0x0000026c                quota_to_percent
 .text.battstate_to_str
                0x0000028e       0x2e scc.o
                0x0000028e                battstate_to_str
 .text.sysstate_to_str
                0x000002bc       0x30 scc.o
                0x000002bc                sysstate_to_str
 .text.solarstate_to_str
                0x000002ec       0x24 scc.o
                0x000002ec                solarstate_to_str
 .text.loadstate_to_str
                0x00000310       0x2e scc.o
                0x00000310                loadstate_to_str
 .text.scc_monitor
                0x0000033e      0x2ec scc.o
                0x0000033e                scc_monitor
 .text.scc_monitor_dump
                0x0000062a      0x774 scc.o
                0x0000062a                scc_monitor_dump
 .text.scc_send_cmd
                0x00000d9e      0x11a scc.o
                0x00000d9e                scc_send_cmd
 .text.scc_set_load
                0x00000eb8       0x36 scc.o
                0x00000eb8                scc_set_load
 .text.scc_cal_temp
                0x00000eee       0x28 scc.o
                0x00000eee                scc_cal_temp
 .text.scc_cal_batt
                0x00000f16       0x30 scc.o
                0x00000f16                scc_cal_batt
 .text.scc_set_ah_batt
                0x00000f46       0x30 scc.o
                0x00000f46                scc_set_ah_batt
 .text.scc_start_equalize
                0x00000f76       0x12 scc.o
                0x00000f76                scc_start_equalize
 .text.scc_read_battery
                0x00000f88      0x232 scc.o
                0x00000f88                scc_read_battery
 .text.Receive_SIM_Byte
                0x000011ba       0x20 shsctrl.o
                0x000011ba                Receive_SIM_Byte
 .text.Poll_SIM
                0x000011da       0x12 shsctrl.o
                0x000011da                Poll_SIM
 .text.prepare_data_message
                0x000011ec      0x584 shsctrl.o
                0x000011ec                prepare_data_message
 .text.send_2g_message
                0x00001770       0x62 shsctrl.o
                0x00001770                send_2g_message
 .text.write_operator_phonenr_to_eeprom
                0x000017d2       0x44 shsctrl.o
                0x000017d2                write_operator_phonenr_to_eeprom
 .text.startup_sim900
                0x00001816      0x132 shsctrl.o
                0x00001816                startup_sim900
 .text.run_tasks
                0x00001948      0x468 shsctrl.o
                0x00001948                run_tasks
 .text.main     0x00001db0      0xc18 shsctrl.o
                0x00001db0                main
 .text.__vector_16
                0x000029c8      0x38e shsctrl.o
                0x000029c8                __vector_16
 .text.__vector_28
                0x00002d56       0x6c shsctrl.o
                0x00002d56                __vector_28
 .text.__vector_20
                0x00002dc2       0x72 shsctrl.o
                0x00002dc2                __vector_20
 .text.__vector_7
                0x00002e34       0x5c shsctrl.o
                0x00002e34                __vector_7
 .text.__vector_8
                0x00002e90       0x4e shsctrl.o
                0x00002e90                __vector_8
 .text.sim_is_on
                0x00002ede        0x6 sim900.o
                0x00002ede                sim_is_on
 .text.sim_rxflush
                0x00002ee4       0x48 sim900.o
                0x00002ee4                sim_rxflush
 .text.sim_read
                0x00002f2c      0x104 sim900.o
                0x00002f2c                sim_read
 .text.sim_read_multi
                0x00003030       0xfc sim900.o
                0x00003030                sim_read_multi
 .text.sim_tx_char
                0x0000312c       0x4c sim900.o
                0x0000312c                sim_tx_char
 .text.sim_tx   0x00003178       0x2a sim900.o
                0x00003178                sim_tx
 .text.sim_onoff_pulse
                0x000031a2       0x8e sim900.o
                0x000031a2                sim_onoff_pulse
 .text.phonenr_ok
                0x00003230       0x7a sim900.o
                0x00003230                phonenr_ok
 .text.sim_send_sms
                0x000032aa      0x18e sim900.o
                0x000032aa                sim_send_sms
 .text.sim_receive_sms
                0x00003438      0x1c0 sim900.o
                0x00003438                sim_receive_sms
 .text.sim_delete_sms
                0x000035f8       0x54 sim900.o
                0x000035f8                sim_delete_sms
 .text.sim_delete_all_sms
                0x0000364c       0x54 sim900.o
                0x0000364c                sim_delete_all_sms
 .text.sim_read_IMEI
                0x000036a0       0xf6 sim900.o
                0x000036a0                sim_read_IMEI
 .text.sim_read_signalstrength
                0x00003796       0xb4 sim900.o
                0x00003796                sim_read_signalstrength
 .text.sim_2g_state
                0x0000384a       0x6a sim900.o
                0x0000384a                sim_2g_state
 .text.sim_start_2g
                0x000038b4      0x498 sim900.o
                0x000038b4                sim_start_2g
 .text.sim_send_2g_msg
                0x00003d4c      0x264 sim900.o
                0x00003d4c                sim_send_2g_msg
 .text.sim_stop_2g
                0x00003fb0       0xb8 sim900.o
                0x00003fb0                sim_stop_2g
 .text.sim_read_CREG
                0x00004068       0xc6 sim900.o
                0x00004068                sim_read_CREG
 .text.sim_set_flowcontrol
                0x0000412e       0x82 sim900.o
                0x0000412e                sim_set_flowcontrol
 .text.sim_set_textmode
                0x000041b0       0x46 sim900.o
                0x000041b0                sim_set_textmode
 .text.sim_pincode_check
                0x000041f6       0x60 sim900.o
                0x000041f6                sim_pincode_check
 .text.sim_has_bluetooth
                0x00004256       0x72 sim900.o
                0x00004256                sim_has_bluetooth
 .text.sim_read_bluetooth_status
                0x000042c8       0xba sim900.o
                0x000042c8                sim_read_bluetooth_status
 .text.sim_bluetooth_power_on
                0x00004382       0x8e sim900.o
                0x00004382                sim_bluetooth_power_on
 .text.sim_bluetooth_power_off
                0x00004410       0x70 sim900.o
                0x00004410                sim_bluetooth_power_off
 .text.sim_set_bluetooth
                0x00004480       0xf0 sim900.o
                0x00004480                sim_set_bluetooth
 .text.sim_start_bluetooth
                0x00004570       0x48 sim900.o
                0x00004570                sim_start_bluetooth
 .text.sim_bluetooth_connect
                0x000045b8       0x64 sim900.o
                0x000045b8                sim_bluetooth_connect
 .text.sim_bluetooth_read
                0x0000461c      0x192 sim900.o
                0x0000461c                sim_bluetooth_read
 .text.sim_bluetooth_write
                0x000047ae      0x138 sim900.o
                0x000047ae                sim_bluetooth_write
 .text.sim_stop_bluetooth
                0x000048e6       0x50 sim900.o
                0x000048e6                sim_stop_bluetooth
 .text.task_every_second
                0x00004936        0x2 tasks.o
                0x00004936                task_every_second
 .text.task_every_5second
                0x00004938      0x500 tasks.o
                0x00004938                task_every_5second
 .text.sysstate2str
                0x00004e38       0x30 tasks.o
                0x00004e38                sysstate2str
 .text.solarstate2str
                0x00004e68       0x30 tasks.o
                0x00004e68                solarstate2str
 .text.loadstate2str
                0x00004e98       0x30 tasks.o
                0x00004e98                loadstate2str
 .text.daystate2str
                0x00004ec8       0x28 tasks.o
                0x00004ec8                daystate2str
 .text.task_soc_dump
                0x00004ef0      0x21e tasks.o
                0x00004ef0                task_soc_dump
 .text.task_set_load
                0x0000510e        0x6 tasks.o
                0x0000510e                task_set_load
 .text.task_cal_temp
                0x00005114        0x6 tasks.o
                0x00005114                task_cal_temp
 .text.task_cal_batt
                0x0000511a        0x6 tasks.o
                0x0000511a                task_cal_batt
 .text.task_set_ah_batt
                0x00005120        0x6 tasks.o
                0x00005120                task_set_ah_batt
 .text.task_start_equalize
                0x00005126        0x6 tasks.o
                0x00005126                task_start_equalize
 .text.task_every_minute
                0x0000512c       0x8c tasks.o
                0x0000512c                task_every_minute
 .text.task_hourly
                0x000051b8       0x60 tasks.o
                0x000051b8                task_hourly
 .text.task_daily
                0x00005218       0x1a tasks.o
                0x00005218                task_daily
 .text.twi_init
                0x00005232        0xe twi.o
                0x00005232                twi_init
 .text.twi_write_one
                0x00005240       0xe6 twi.o
                0x00005240                twi_write_one
 .text.twi_read_small
                0x00005326      0x15a twi.o
                0x00005326                twi_read_small
 .text.uart_putchar
                0x00005480       0x22 uart.o
                0x00005480                uart_putchar
 .text.libgcc.div
                0x000054a2       0x28 c:/program files (x86)/atmel/studio/7.0/toolchain/avr8/avr8-gnu-toolchain/bin/../lib/gcc/avr/5.4.0/avr51\libgcc.a(_udivmodhi4.o)
                0x000054a2                __udivmodhi4
 .text.libgcc.div
                0x000054ca       0x26 c:/program files (x86)/atmel/studio/7.0/toolchain/avr8/avr8-gnu-toolchain/bin/../lib/gcc/avr/5.4.0/avr51\libgcc.a(_divmodhi4.o)
                0x000054ca                _div
                0x000054ca                __divmodhi4
 .text.libgcc.div
                0x000054f0       0x44 c:/program files (x86)/atmel/studio/7.0/toolchain/avr8/avr8-gnu-toolchain/bin/../lib/gcc/avr/5.4.0/avr51\libgcc.a(_udivmodsi4.o)
                0x000054f0                __udivmodsi4
 .text.libgcc.div
                0x00005534       0x28 c:/program files (x86)/atmel/studio/7.0/toolchain/avr8/avr8-gnu-toolchain/bin/../lib/gcc/avr/5.4.0/avr51\libgcc.a(_divmodsi4.o)
                0x00005534                __divmodsi4
 .text.libgcc.div
                0x0000555c       0x10 c:/program files (x86)/atmel/studio/7.0/toolchain/avr8/avr8-gnu-toolchain/bin/../lib/gcc/avr/5.4.0/avr51\libgcc.a(_negsi2.o)
                0x0000555c                __negsi2
 .text.libgcc.mul
                0x0000556c       0x1e c:/program files (x86)/atmel/studio/7.0/toolchain/avr8/avr8-gnu-toolchain/bin/../lib/gcc/avr/5.4.0/avr51\libgcc.a(_umulhisi3.o)
                0x0000556c                __umulhisi3
 .text.libgcc.mul
                0x0000558a       0x14 c:/program files (x86)/atmel/studio/7.0/toolchain/avr8/avr8-gnu-toolchain/bin/../lib/gcc/avr/5.4.0/avr51\libgcc.a(_muluhisi3.o)
                0x0000558a                __muluhisi3
 .text.libgcc.mul
                0x0000559e        0xc c:/program files (x86)/atmel/studio/7.0/toolchain/avr8/avr8-gnu-toolchain/bin/../lib/gcc/avr/5.4.0/avr51\libgcc.a(_mulshisi3.o)
                0x0000559e                __mulshisi3
                0x000055a2                __mulohisi3
 .text.avr-libc
                0x000055aa       0x3a c:/program files (x86)/atmel/studio/7.0/toolchain/avr8/avr8-gnu-toolchain/bin/../lib/gcc/avr/5.4.0/../../../../avr/lib/avr51\libc.a(atoi.o)
                0x000055aa                atoi
 .text.avr-libc
                0x000055e4       0x4c c:/program files (x86)/atmel/studio/7.0/toolchain/avr8/avr8-gnu-toolchain/bin/../lib/gcc/avr/5.4.0/../../../../avr/lib/avr51\libc.a(atol.o)
                0x000055e4                atol
 .text.avr-libc
                0x00005630       0x10 c:/program files (x86)/atmel/studio/7.0/toolchain/avr8/avr8-gnu-toolchain/bin/../lib/gcc/avr/5.4.0/../../../../avr/lib/avr51\libc.a(isalnum.o)
                0x00005630                isalnum
 .text.avr-libc
                0x00005640        0x6 c:/program files (x86)/atmel/studio/7.0/toolchain/avr8/avr8-gnu-toolchain/bin/../lib/gcc/avr/5.4.0/../../../../avr/lib/avr51\libc.a(cty_isfalse.o)
                0x00005640                __ctype_isfalse
                0x00005644                __ctype_istrue
 .text.avr-libc
                0x00005646       0x12 c:/program files (x86)/atmel/studio/7.0/toolchain/avr8/avr8-gnu-toolchain/bin/../lib/gcc/avr/5.4.0/../../../../avr/lib/avr51\libc.a(isalpha.o)
                0x00005646                isupper
                0x0000564a                isalpha
                0x0000564c                islower
 .text.avr-libc
                0x00005658       0x10 c:/program files (x86)/atmel/studio/7.0/toolchain/avr8/avr8-gnu-toolchain/bin/../lib/gcc/avr/5.4.0/../../../../avr/lib/avr51\libc.a(isspace.o)
                0x00005658                isspace
 .text.avr-libc
                0x00005668       0x12 c:/program files (x86)/atmel/studio/7.0/toolchain/avr8/avr8-gnu-toolchain/bin/../lib/gcc/avr/5.4.0/../../../../avr/lib/avr51\libc.a(strcmp.o)
                0x00005668                strcmp
 .text.avr-libc
                0x0000567a        0xe c:/program files (x86)/atmel/studio/7.0/toolchain/avr8/avr8-gnu-toolchain/bin/../lib/gcc/avr/5.4.0/../../../../avr/lib/avr51\libc.a(strcpy.o)
                0x0000567a                strcpy
 .text.avr-libc
                0x00005688       0x30 c:/program files (x86)/atmel/studio/7.0/toolchain/avr8/avr8-gnu-toolchain/bin/../lib/gcc/avr/5.4.0/../../../../avr/lib/avr51\libc.a(strncasecmp.o)
                0x00005688                strncasecmp
 .text.avr-libc
                0x000056b8       0x1c c:/program files (x86)/atmel/studio/7.0/toolchain/avr8/avr8-gnu-toolchain/bin/../lib/gcc/avr/5.4.0/../../../../avr/lib/avr51\libc.a(strncmp.o)
                0x000056b8                strncmp
 .text.avr-libc
                0x000056d4       0x34 c:/program files (x86)/atmel/studio/7.0/toolchain/avr8/avr8-gnu-toolchain/bin/../lib/gcc/avr/5.4.0/../../../../avr/lib/avr51\libc.a(strstr.o)
                0x000056d4                strstr
 .text.avr-libc
                0x00005708       0x2a c:/program files (x86)/atmel/studio/7.0/toolchain/avr8/avr8-gnu-toolchain/bin/../lib/gcc/avr/5.4.0/../../../../avr/lib/avr51\libc.a(mulsi10.o)
                0x00005708                __mulsi_const_10
 .text.avr-libc
                0x00005732       0x10 c:/program files (x86)/atmel/studio/7.0/toolchain/avr8/avr8-gnu-toolchain/bin/../lib/gcc/avr/5.4.0/../../../../avr/lib/avr51\libc.a(mul10.o)
                0x00005732                __mulhi_const_10
 .text.avr-libc
                0x00005742       0x26 c:/program files (x86)/atmel/studio/7.0/toolchain/avr8/avr8-gnu-toolchain/bin/../lib/gcc/avr/5.4.0/../../../../avr/lib/avr51\libc.a(printf.o)
                0x00005742                printf
 .text.avr-libc
                0x00005768       0x4e c:/program files (x86)/atmel/studio/7.0/toolchain/avr8/avr8-gnu-toolchain/bin/../lib/gcc/avr/5.4.0/../../../../avr/lib/avr51\libc.a(printf_p.o)
                0x00005768                printf_P
 .text.avr-libc
                0x000057b6       0x60 c:/program files (x86)/atmel/studio/7.0/toolchain/avr8/avr8-gnu-toolchain/bin/../lib/gcc/avr/5.4.0/../../../../avr/lib/avr51\libc.a(puts.o)
                0x000057b6                puts
 .text.avr-libc
                0x00005816       0x5c c:/program files (x86)/atmel/studio/7.0/toolchain/avr8/avr8-gnu-toolchain/bin/../lib/gcc/avr/5.4.0/../../../../avr/lib/avr51\libc.a(sprintf.o)
                0x00005816                sprintf
 .text.avr-libc
                0x00005872       0x5c c:/program files (x86)/atmel/studio/7.0/toolchain/avr8/avr8-gnu-toolchain/bin/../lib/gcc/avr/5.4.0/../../../../avr/lib/avr51\libc.a(sprintf_p.o)
                0x00005872                sprintf_P
 .text.avr-libc
                0x000058ce       0x42 c:/program files (x86)/atmel/studio/7.0/toolchain/avr8/avr8-gnu-toolchain/bin/../lib/gcc/avr/5.4.0/../../../../avr/lib/avr51\libc.a(sscanf.o)
                0x000058ce                sscanf
 .text.avr-libc
                0x00005910      0x3fa c:/program files (x86)/atmel/studio/7.0/toolchain/avr8/avr8-gnu-toolchain/bin/../lib/gcc/avr/5.4.0/../../../../avr/lib/avr51\libc.a(vfprintf_std.o)
                0x00005910                vfprintf
 .text.avr-libc
                0x00005d0a      0x592 c:/program files (x86)/atmel/studio/7.0/toolchain/avr8/avr8-gnu-toolchain/bin/../lib/gcc/avr/5.4.0/../../../../avr/lib/avr51\libc.a(vfscanf_std.o)
                0x0000606e                vfscanf
 .text.avr-libc
                0x0000629c       0x16 c:/program files (x86)/atmel/studio/7.0/toolchain/avr8/avr8-gnu-toolchain/bin/../lib/gcc/avr/5.4.0/../../../../avr/lib/avr51\libc.a(strchr_P.o)
                0x0000629c                strchr_P
 .text.avr-libc
                0x000062b2       0x16 c:/program files (x86)/atmel/studio/7.0/toolchain/avr8/avr8-gnu-toolchain/bin/../lib/gcc/avr/5.4.0/../../../../avr/lib/avr51\libc.a(strnlen_P.o)
                0x000062b2                strnlen_P
 .text.avr-libc
                0x000062c8       0x16 c:/program files (x86)/atmel/studio/7.0/toolchain/avr8/avr8-gnu-toolchain/bin/../lib/gcc/avr/5.4.0/../../../../avr/lib/avr51\libc.a(strnlen.o)
                0x000062c8                strnlen
 .text.avr-libc
                0x000062de       0x7c c:/program files (x86)/atmel/studio/7.0/toolchain/avr8/avr8-gnu-toolchain/bin/../lib/gcc/avr/5.4.0/../../../../avr/lib/avr51\libc.a(fgetc.o)
                0x000062de                fgetc
 .text.avr-libc
                0x0000635a       0x78 c:/program files (x86)/atmel/studio/7.0/toolchain/avr8/avr8-gnu-toolchain/bin/../lib/gcc/avr/5.4.0/../../../../avr/lib/avr51\libc.a(fputc.o)
                0x0000635a                fputc
 .text.avr-libc
                0x000063d2       0x32 c:/program files (x86)/atmel/studio/7.0/toolchain/avr8/avr8-gnu-toolchain/bin/../lib/gcc/avr/5.4.0/../../../../avr/lib/avr51\libc.a(ungetc.o)
                0x000063d2                ungetc
 .text.avr-libc
                0x00006404       0xbc c:/program files (x86)/atmel/studio/7.0/toolchain/avr8/avr8-gnu-toolchain/bin/../lib/gcc/avr/5.4.0/../../../../avr/lib/avr51\libc.a(ultoa_invert.o)
                0x00006404                __ultoa_invert
 .text.avr-libc
                0x000064c0       0x20 C:/Program Files (x86)/Atmel/Studio/7.0/Packs/atmel/ATmega_DFP/1.2.132/gcc/dev/atmega1284p/avr51\libatmega1284p.a(eerd_block.o)
                0x000064c0                eeprom_read_block
                0x000064c4                eeprom_read_blraw
 .text.avr-libc
                0x000064e0       0x10 C:/Program Files (x86)/Atmel/Studio/7.0/Packs/atmel/ATmega_DFP/1.2.132/gcc/dev/atmega1284p/avr51\libatmega1284p.a(eerd_byte.o)
                0x000064e0                eeprom_read_byte
 .text.avr-libc
                0x000064f0        0xa C:/Program Files (x86)/Atmel/Studio/7.0/Packs/atmel/ATmega_DFP/1.2.132/gcc/dev/atmega1284p/avr51\libatmega1284p.a(eerd_dword.o)
                0x000064f0                eeprom_read_float
                0x000064f0                eeprom_read_dword
 .text.avr-libc
                0x000064fa        0xa C:/Program Files (x86)/Atmel/Studio/7.0/Packs/atmel/ATmega_DFP/1.2.132/gcc/dev/atmega1284p/avr51\libatmega1284p.a(eerd_word.o)
                0x000064fa                eeprom_read_word
 .text.avr-libc
                0x00006504       0x1e C:/Program Files (x86)/Atmel/Studio/7.0/Packs/atmel/ATmega_DFP/1.2.132/gcc/dev/atmega1284p/avr51\libatmega1284p.a(eeupd_block.o)
                0x00006504                eeprom_update_block
 .text.avr-libc
                0x00006522       0x24 C:/Program Files (x86)/Atmel/Studio/7.0/Packs/atmel/ATmega_DFP/1.2.132/gcc/dev/atmega1284p/avr51\libatmega1284p.a(eeupd_byte.o)
                0x00006522                eeprom_update_byte
                0x00006524                eeprom_update_r18
 .text.avr-libc
                0x00006546       0x10 C:/Program Files (x86)/Atmel/Studio/7.0/Packs/atmel/ATmega_DFP/1.2.132/gcc/dev/atmega1284p/avr51\libatmega1284p.a(eeupd_dword.o)
                0x00006546                eeprom_update_float
                0x00006546                eeprom_update_dword
 .text.avr-libc
                0x00006556        0x8 C:/Program Files (x86)/Atmel/Studio/7.0/Packs/atmel/ATmega_DFP/1.2.132/gcc/dev/atmega1284p/avr51\libatmega1284p.a(eeupd_word.o)
                0x00006556                eeprom_update_word
                0x0000655e                . = ALIGN (0x2)
 *(.fini9)
 .fini9         0x0000655e        0x0 c:/program files (x86)/atmel/studio/7.0/toolchain/avr8/avr8-gnu-toolchain/bin/../lib/gcc/avr/5.4.0/avr51\libgcc.a(_exit.o)
                0x0000655e                _exit
                0x0000655e                exit
 *(.fini9)
 *(.fini8)
 *(.fini8)
 *(.fini7)
 *(.fini7)
 *(.fini6)
 *(.fini6)
 *(.fini5)
 *(.fini5)
 *(.fini4)
 *(.fini4)
 *(.fini3)
 *(.fini3)
 *(.fini2)
 *(.fini2)
 *(.fini1)
 *(.fini1)
 *(.fini0)
 .fini0         0x0000655e        0x4 c:/program files (x86)/atmel/studio/7.0/toolchain/avr8/avr8-gnu-toolchain/bin/../lib/gcc/avr/5.4.0/avr51\libgcc.a(_exit.o)
 *(.fini0)
                0x00006562                _etext = .

.data           0x00800100      0xab6 load address 0x00006562
                0x00800100                PROVIDE (__data_start, .)
 *(.data)
 *(.data*)
 .data.term_uart_str
                0x00800100        0xe shsctrl.o
                0x00800100                term_uart_str
 *(.rodata)
 .rodata        0x0080010e        0x6 sim900.o
 *(.rodata*)
 .rodata.str1.1
                0x00800114      0x209 scc.o
                                0x224 (size before relaxing)
 .rodata.str1.1
                0x0080031d      0x307 shsctrl.o
                                0x31f (size before relaxing)
 .rodata.str1.1
                0x00800624      0x53a sim900.o
                                0x553 (size before relaxing)
 .rodata.str1.1
                0x00800b5e       0x58 tasks.o
                                 0x7a (size before relaxing)
 *(.gnu.linkonce.d*)
                0x00800bb6                . = ALIGN (0x2)
                0x00800bb6                _edata = .
                0x00800bb6                PROVIDE (__data_end, .)

.bss            0x00800bb6      0x4b4
                0x00800bb6                PROVIDE (__bss_start, .)
 *(.bss)
 *(.bss*)
 .bss.UART_TERM_RxTail
                0x00800bb6        0x1 shsctrl.o
 .bss.UART_TERM_RxHead
                0x00800bb7        0x1 shsctrl.o
 .bss.UART_TERM_RxBuf
                0x00800bb8      0x100 shsctrl.o
 .bss.UART_SIM_TxTail
                0x00800cb8        0x1 shsctrl.o
 .bss.UART_SIM_TxHead
                0x00800cb9        0x1 shsctrl.o
 .bss.UART_SIM_TxBuf
                0x00800cba      0x200 shsctrl.o
 .bss.UART_SIM_RxTail
                0x00800eba        0x1 shsctrl.o
 .bss.UART_SIM_RxHead
                0x00800ebb        0x1 shsctrl.o
 .bss.UART_SIM_RxBuf
                0x00800ebc      0x100 shsctrl.o
 .bss.sysTime   0x00800fbc        0x3 shsctrl.o
                0x00800fbc                sysTime
 *(COMMON)
 COMMON         0x00800fbf       0xa4 shsctrl.o
                0x00800fbf                sysval
                0x00801062                twi_timeout
 COMMON         0x00801063        0x1 twi.o
                0x00801063                twst
 COMMON         0x00801064        0x6 c:/program files (x86)/atmel/studio/7.0/toolchain/avr8/avr8-gnu-toolchain/bin/../lib/gcc/avr/5.4.0/../../../../avr/lib/avr51\libc.a(iob.o)
                0x00801064                __iob
                0x0080106a                PROVIDE (__bss_end, .)
                0x00006562                __data_load_start = LOADADDR (.data)
                0x00007018                __data_load_end = (__data_load_start + SIZEOF (.data))

.noinit         0x0080106a        0x0
                [!provide]                PROVIDE (__noinit_start, .)
 *(.noinit*)
                [!provide]                PROVIDE (__noinit_end, .)
                0x0080106a                _end = .
                [!provide]                PROVIDE (__heap_start, .)

.eeprom         0x00810000       0xfd
 *(.eeprom*)
 .eeprom        0x00810000       0xfd shsctrl.o
                0x00810000                EEPROM_ADDR_dummy
                0x00810001                EEPROM_ADDR_pwd
                0x00810011                EEPROM_ADDR_user
                0x00810021                EEPROM_ADDR_apn
                0x00810031                EEPROM_ADDR_hostname
                0x00810059                EEPROM_ADDR_OperatorNr
                0x008100e5                EEPROM_ADDR_Ws_out
                0x008100e9                EEPROM_ADDR_Ws_in
                0x008100ed                EEPROM_ADDR_secondsMeter
                0x008100f1                EEPROM_ADDR_interval2G
                0x008100f3                EEPROM_ADDR_intervalSMS
                0x008100f5                EEPROM_ADDR_onoff
                0x008100f6                EEPROM_ADDR_LED_mode
                0x008100f7                EEPROM_ADDR_SIM900_enabled
                0x008100f8                EEPROM_ADDR_Ws_quota
                0x008100fc                EEPROM_ADDR_Ws_quota_enabled
                0x008100fd                __eeprom_end = .

.fuse           0x00820000        0x3
 *(.fuse)
 .fuse          0x00820000        0x3 shsctrl.o
                0x00820000                __fuse
 *(.lfuse)
 *(.hfuse)
 *(.efuse)

.lock
 *(.lock*)

.signature
 *(.signature*)

.user_signatures
 *(.user_signatures*)

.stab
 *(.stab)

.stabstr
 *(.stabstr)

.stab.excl
 *(.stab.excl)

.stab.exclstr
 *(.stab.exclstr)

.stab.index
 *(.stab.index)

.stab.indexstr
 *(.stab.indexstr)

.comment        0x00000000       0x5c
 *(.comment)
 .comment       0x00000000       0x30 delay.o
                                 0x31 (size before relaxing)
 .comment       0x00000030       0x31 quota.o
 .comment       0x00000030       0x31 scc.o
 .comment       0x00000030       0x31 shsctrl.o
 .comment       0x00000030       0x31 sim900.o
 .comment       0x00000030       0x31 tasks.o
 .comment       0x00000030       0x31 twi.o
 .comment       0x00000030       0x31 uart.o
 .comment       0x00000030       0x31 c:/program files (x86)/atmel/studio/7.0/toolchain/avr8/avr8-gnu-toolchain/bin/../lib/gcc/avr/5.4.0/../../../../avr/lib/avr51\libc.a(iob.o)
 .comment       0x00000030       0x31 c:/program files (x86)/atmel/studio/7.0/toolchain/avr8/avr8-gnu-toolchain/bin/../lib/gcc/avr/5.4.0/../../../../avr/lib/avr51\libc.a(printf.o)
 .comment       0x00000030       0x31 c:/program files (x86)/atmel/studio/7.0/toolchain/avr8/avr8-gnu-toolchain/bin/../lib/gcc/avr/5.4.0/../../../../avr/lib/avr51\libc.a(printf_p.o)
 .comment       0x00000030       0x31 c:/program files (x86)/atmel/studio/7.0/toolchain/avr8/avr8-gnu-toolchain/bin/../lib/gcc/avr/5.4.0/../../../../avr/lib/avr51\libc.a(puts.o)
 .comment       0x00000030       0x31 c:/program files (x86)/atmel/studio/7.0/toolchain/avr8/avr8-gnu-toolchain/bin/../lib/gcc/avr/5.4.0/../../../../avr/lib/avr51\libc.a(sprintf.o)
 .comment       0x00000030       0x31 c:/program files (x86)/atmel/studio/7.0/toolchain/avr8/avr8-gnu-toolchain/bin/../lib/gcc/avr/5.4.0/../../../../avr/lib/avr51\libc.a(sprintf_p.o)
 .comment       0x00000030       0x31 c:/program files (x86)/atmel/studio/7.0/toolchain/avr8/avr8-gnu-toolchain/bin/../lib/gcc/avr/5.4.0/../../../../avr/lib/avr51\libc.a(sscanf.o)
 .comment       0x00000030       0x2c c:/program files (x86)/atmel/studio/7.0/toolchain/avr8/avr8-gnu-toolchain/bin/../lib/gcc/avr/5.4.0/../../../../avr/lib/avr51\libc.a(vfprintf_std.o)
                                 0x2d (size before relaxing)
 .comment       0x0000005c       0x2d c:/program files (x86)/atmel/studio/7.0/toolchain/avr8/avr8-gnu-toolchain/bin/../lib/gcc/avr/5.4.0/../../../../avr/lib/avr51\libc.a(vfscanf_std.o)
 .comment       0x0000005c       0x31 c:/program files (x86)/atmel/studio/7.0/toolchain/avr8/avr8-gnu-toolchain/bin/../lib/gcc/avr/5.4.0/../../../../avr/lib/avr51\libc.a(fgetc.o)
 .comment       0x0000005c       0x31 c:/program files (x86)/atmel/studio/7.0/toolchain/avr8/avr8-gnu-toolchain/bin/../lib/gcc/avr/5.4.0/../../../../avr/lib/avr51\libc.a(fputc.o)
 .comment       0x0000005c       0x31 c:/program files (x86)/atmel/studio/7.0/toolchain/avr8/avr8-gnu-toolchain/bin/../lib/gcc/avr/5.4.0/../../../../avr/lib/avr51\libc.a(ungetc.o)

.note.gnu.avr.deviceinfo
                0x00000000       0x40
 .note.gnu.avr.deviceinfo
                0x00000000       0x40 C:/Program Files (x86)/Atmel/Studio/7.0/Packs/atmel/ATmega_DFP/1.2.132/gcc/dev/atmega1284p/avr51/crtatmega1284p.o

.note.gnu.build-id
 *(.note.gnu.build-id)

.debug
 *(.debug)

.line
 *(.line)

.debug_srcinfo
 *(.debug_srcinfo)

.debug_sfnames
 *(.debug_sfnames)

.debug_aranges  0x00000000      0x470
 *(.debug_aranges)
 .debug_aranges
                0x00000000       0x20 delay.o
 .debug_aranges
                0x00000020       0x20 quota.o
 .debug_aranges
                0x00000040       0xa0 scc.o
 .debug_aranges
                0x000000e0       0x98 shsctrl.o
 .debug_aranges
                0x00000178      0x118 sim900.o
 .debug_aranges
                0x00000290       0x90 tasks.o
 .debug_aranges
                0x00000320       0x30 twi.o
 .debug_aranges
                0x00000350       0x20 uart.o
 .debug_aranges
                0x00000370       0x20 C:/Program Files (x86)/Atmel/Studio/7.0/Packs/atmel/ATmega_DFP/1.2.132/gcc/dev/atmega1284p/avr51\libatmega1284p.a(eerd_block.o)
 .debug_aranges
                0x00000390       0x20 C:/Program Files (x86)/Atmel/Studio/7.0/Packs/atmel/ATmega_DFP/1.2.132/gcc/dev/atmega1284p/avr51\libatmega1284p.a(eerd_byte.o)
 .debug_aranges
                0x000003b0       0x20 C:/Program Files (x86)/Atmel/Studio/7.0/Packs/atmel/ATmega_DFP/1.2.132/gcc/dev/atmega1284p/avr51\libatmega1284p.a(eerd_dword.o)
 .debug_aranges
                0x000003d0       0x20 C:/Program Files (x86)/Atmel/Studio/7.0/Packs/atmel/ATmega_DFP/1.2.132/gcc/dev/atmega1284p/avr51\libatmega1284p.a(eerd_word.o)
 .debug_aranges
                0x000003f0       0x20 C:/Program Files (x86)/Atmel/Studio/7.0/Packs/atmel/ATmega_DFP/1.2.132/gcc/dev/atmega1284p/avr51\libatmega1284p.a(eeupd_block.o)
 .debug_aranges
                0x00000410       0x20 C:/Program Files (x86)/Atmel/Studio/7.0/Packs/atmel/ATmega_DFP/1.2.132/gcc/dev/atmega1284p/avr51\libatmega1284p.a(eeupd_byte.o)
 .debug_aranges
                0x00000430       0x20 C:/Program Files (x86)/Atmel/Studio/7.0/Packs/atmel/ATmega_DFP/1.2.132/gcc/dev/atmega1284p/avr51\libatmega1284p.a(eeupd_dword.o)
 .debug_aranges
                0x00000450       0x20 C:/Program Files (x86)/Atmel/Studio/7.0/Packs/atmel/ATmega_DFP/1.2.132/gcc/dev/atmega1284p/avr51\libatmega1284p.a(eeupd_word.o)

.debug_pubnames
 *(.debug_pubnames)

.debug_info     0x00000000     0x89e7
 *(.debug_info .gnu.linkonce.wi.*)
 .debug_info    0x00000000      0x792 C:/Program Files (x86)/Atmel/Studio/7.0/Packs/atmel/ATmega_DFP/1.2.132/gcc/dev/atmega1284p/avr51/crtatmega1284p.o
 .debug_info    0x00000792       0x93 delay.o
 .debug_info    0x00000825       0xd9 quota.o
 .debug_info    0x000008fe      0xf99 scc.o
 .debug_info    0x00001897     0x268f shsctrl.o
 .debug_info    0x00003f26     0x3889 sim900.o
 .debug_info    0x000077af      0x964 tasks.o
 .debug_info    0x00008113      0x1b4 twi.o
 .debug_info    0x000082c7      0x1a8 uart.o
 .debug_info    0x0000846f       0xaf C:/Program Files (x86)/Atmel/Studio/7.0/Packs/atmel/ATmega_DFP/1.2.132/gcc/dev/atmega1284p/avr51\libatmega1284p.a(eerd_block.o)
 .debug_info    0x0000851e       0xae C:/Program Files (x86)/Atmel/Studio/7.0/Packs/atmel/ATmega_DFP/1.2.132/gcc/dev/atmega1284p/avr51\libatmega1284p.a(eerd_byte.o)
 .debug_info    0x000085cc       0xaf C:/Program Files (x86)/Atmel/Studio/7.0/Packs/atmel/ATmega_DFP/1.2.132/gcc/dev/atmega1284p/avr51\libatmega1284p.a(eerd_dword.o)
 .debug_info    0x0000867b       0xae C:/Program Files (x86)/Atmel/Studio/7.0/Packs/atmel/ATmega_DFP/1.2.132/gcc/dev/atmega1284p/avr51\libatmega1284p.a(eerd_word.o)
 .debug_info    0x00008729       0xb0 C:/Program Files (x86)/Atmel/Studio/7.0/Packs/atmel/ATmega_DFP/1.2.132/gcc/dev/atmega1284p/avr51\libatmega1284p.a(eeupd_block.o)
 .debug_info    0x000087d9       0xaf C:/Program Files (x86)/Atmel/Studio/7.0/Packs/atmel/ATmega_DFP/1.2.132/gcc/dev/atmega1284p/avr51\libatmega1284p.a(eeupd_byte.o)
 .debug_info    0x00008888       0xb0 C:/Program Files (x86)/Atmel/Studio/7.0/Packs/atmel/ATmega_DFP/1.2.132/gcc/dev/atmega1284p/avr51\libatmega1284p.a(eeupd_dword.o)
 .debug_info    0x00008938       0xaf C:/Program Files (x86)/Atmel/Studio/7.0/Packs/atmel/ATmega_DFP/1.2.132/gcc/dev/atmega1284p/avr51\libatmega1284p.a(eeupd_word.o)

.debug_abbrev   0x00000000     0x1567
 *(.debug_abbrev)
 .debug_abbrev  0x00000000      0x729 C:/Program Files (x86)/Atmel/Studio/7.0/Packs/atmel/ATmega_DFP/1.2.132/gcc/dev/atmega1284p/avr51/crtatmega1284p.o
 .debug_abbrev  0x00000729       0x60 delay.o
 .debug_abbrev  0x00000789       0x71 quota.o
 .debug_abbrev  0x000007fa      0x290 scc.o
 .debug_abbrev  0x00000a8a      0x34c shsctrl.o
 .debug_abbrev  0x00000dd6      0x2f8 sim900.o
 .debug_abbrev  0x000010ce      0x1f3 tasks.o
 .debug_abbrev  0x000012c1      0x102 twi.o
 .debug_abbrev  0x000013c3      0x104 uart.o
 .debug_abbrev  0x000014c7       0x14 C:/Program Files (x86)/Atmel/Studio/7.0/Packs/atmel/ATmega_DFP/1.2.132/gcc/dev/atmega1284p/avr51\libatmega1284p.a(eerd_block.o)
 .debug_abbrev  0x000014db       0x14 C:/Program Files (x86)/Atmel/Studio/7.0/Packs/atmel/ATmega_DFP/1.2.132/gcc/dev/atmega1284p/avr51\libatmega1284p.a(eerd_byte.o)
 .debug_abbrev  0x000014ef       0x14 C:/Program Files (x86)/Atmel/Studio/7.0/Packs/atmel/ATmega_DFP/1.2.132/gcc/dev/atmega1284p/avr51\libatmega1284p.a(eerd_dword.o)
 .debug_abbrev  0x00001503       0x14 C:/Program Files (x86)/Atmel/Studio/7.0/Packs/atmel/ATmega_DFP/1.2.132/gcc/dev/atmega1284p/avr51\libatmega1284p.a(eerd_word.o)
 .debug_abbrev  0x00001517       0x14 C:/Program Files (x86)/Atmel/Studio/7.0/Packs/atmel/ATmega_DFP/1.2.132/gcc/dev/atmega1284p/avr51\libatmega1284p.a(eeupd_block.o)
 .debug_abbrev  0x0000152b       0x14 C:/Program Files (x86)/Atmel/Studio/7.0/Packs/atmel/ATmega_DFP/1.2.132/gcc/dev/atmega1284p/avr51\libatmega1284p.a(eeupd_byte.o)
 .debug_abbrev  0x0000153f       0x14 C:/Program Files (x86)/Atmel/Studio/7.0/Packs/atmel/ATmega_DFP/1.2.132/gcc/dev/atmega1284p/avr51\libatmega1284p.a(eeupd_dword.o)
 .debug_abbrev  0x00001553       0x14 C:/Program Files (x86)/Atmel/Studio/7.0/Packs/atmel/ATmega_DFP/1.2.132/gcc/dev/atmega1284p/avr51\libatmega1284p.a(eeupd_word.o)

.debug_line     0x00000000     0x3c0b
 *(.debug_line .debug_line.* .debug_line_end)
 .debug_line    0x00000000      0x169 C:/Program Files (x86)/Atmel/Studio/7.0/Packs/atmel/ATmega_DFP/1.2.132/gcc/dev/atmega1284p/avr51/crtatmega1284p.o
 .debug_line    0x00000169       0xa2 delay.o
 .debug_line    0x0000020b       0xae quota.o
 .debug_line    0x000002b9      0x81a scc.o
 .debug_line    0x00000ad3     0x1339 shsctrl.o
 .debug_line    0x00001e0c     0x1080 sim900.o
 .debug_line    0x00002e8c      0x597 tasks.o
 .debug_line    0x00003423      0x2f4 twi.o
 .debug_line    0x00003717       0xc8 uart.o
 .debug_line    0x000037df       0xab C:/Program Files (x86)/Atmel/Studio/7.0/Packs/atmel/ATmega_DFP/1.2.132/gcc/dev/atmega1284p/avr51\libatmega1284p.a(eerd_block.o)
 .debug_line    0x0000388a       0x7a C:/Program Files (x86)/Atmel/Studio/7.0/Packs/atmel/ATmega_DFP/1.2.132/gcc/dev/atmega1284p/avr51\libatmega1284p.a(eerd_byte.o)
 .debug_line    0x00003904       0x68 C:/Program Files (x86)/Atmel/Studio/7.0/Packs/atmel/ATmega_DFP/1.2.132/gcc/dev/atmega1284p/avr51\libatmega1284p.a(eerd_dword.o)
 .debug_line    0x0000396c       0x67 C:/Program Files (x86)/Atmel/Studio/7.0/Packs/atmel/ATmega_DFP/1.2.132/gcc/dev/atmega1284p/avr51\libatmega1284p.a(eerd_word.o)
 .debug_line    0x000039d3       0xa5 C:/Program Files (x86)/Atmel/Studio/7.0/Packs/atmel/ATmega_DFP/1.2.132/gcc/dev/atmega1284p/avr51\libatmega1284p.a(eeupd_block.o)
 .debug_line    0x00003a78       0xb6 C:/Program Files (x86)/Atmel/Studio/7.0/Packs/atmel/ATmega_DFP/1.2.132/gcc/dev/atmega1284p/avr51\libatmega1284p.a(eeupd_byte.o)
 .debug_line    0x00003b2e       0x7b C:/Program Files (x86)/Atmel/Studio/7.0/Packs/atmel/ATmega_DFP/1.2.132/gcc/dev/atmega1284p/avr51\libatmega1284p.a(eeupd_dword.o)
 .debug_line    0x00003ba9       0x62 C:/Program Files (x86)/Atmel/Studio/7.0/Packs/atmel/ATmega_DFP/1.2.132/gcc/dev/atmega1284p/avr51\libatmega1284p.a(eeupd_word.o)

.debug_frame    0x00000000      0xf14
 *(.debug_frame)
 .debug_frame   0x00000000       0x24 delay.o
 .debug_frame   0x00000024       0x24 quota.o
 .debug_frame   0x00000048      0x2e8 scc.o
 .debug_frame   0x00000330      0x308 shsctrl.o
 .debug_frame   0x00000638      0x59c sim900.o
 .debug_frame   0x00000bd4      0x29c tasks.o
 .debug_frame   0x00000e70       0x78 twi.o
 .debug_frame   0x00000ee8       0x2c uart.o

.debug_str      0x00000000     0x12a8
 *(.debug_str)
 .debug_str     0x00000000      0x296 C:/Program Files (x86)/Atmel/Studio/7.0/Packs/atmel/ATmega_DFP/1.2.132/gcc/dev/atmega1284p/avr51/crtatmega1284p.o
 .debug_str     0x00000296      0x15a delay.o
                                0x18e (size before relaxing)
 .debug_str     0x000003f0       0x42 quota.o
                                0x1c4 (size before relaxing)
 .debug_str     0x00000432      0x3be scc.o
                                0x627 (size before relaxing)
 .debug_str     0x000007f0      0x7cd shsctrl.o
                                0xc0a (size before relaxing)
 .debug_str     0x00000fbd      0x278 sim900.o
                                0x8b5 (size before relaxing)
 .debug_str     0x00001235       0x1a tasks.o
                                0x617 (size before relaxing)
 .debug_str     0x0000124f       0x39 twi.o
                                0x1e3 (size before relaxing)
 .debug_str     0x00001288       0x20 uart.o
                                0x1bf (size before relaxing)

.debug_loc      0x00000000     0x5e58
 *(.debug_loc)
 .debug_loc     0x00000000       0x1e delay.o
 .debug_loc     0x0000001e       0x8e quota.o
 .debug_loc     0x000000ac     0x1657 scc.o
 .debug_loc     0x00001703     0x17eb shsctrl.o
 .debug_loc     0x00002eee     0x20f1 sim900.o
 .debug_loc     0x00004fdf      0xb33 tasks.o
 .debug_loc     0x00005b12      0x2d4 twi.o
 .debug_loc     0x00005de6       0x72 uart.o

.debug_macinfo
 *(.debug_macinfo)

.debug_weaknames
 *(.debug_weaknames)

.debug_funcnames
 *(.debug_funcnames)

.debug_typenames
 *(.debug_typenames)

.debug_varnames
 *(.debug_varnames)

.debug_pubtypes
 *(.debug_pubtypes)

.debug_ranges   0x00000000      0x3d8
 *(.debug_ranges)
 .debug_ranges  0x00000000       0x10 delay.o
 .debug_ranges  0x00000010       0x10 quota.o
 .debug_ranges  0x00000020       0x90 scc.o
 .debug_ranges  0x000000b0      0x158 shsctrl.o
 .debug_ranges  0x00000208      0x120 sim900.o
 .debug_ranges  0x00000328       0x80 tasks.o
 .debug_ranges  0x000003a8       0x20 twi.o
 .debug_ranges  0x000003c8       0x10 uart.o

.debug_macro
 *(.debug_macro)
OUTPUT(shs-master-as.elf elf32-avr)
LOAD linker stubs
